Microchip MPLAB XC8 Compiler V2.46

Linker command line:

-W-3 \
  --edf=C:\Program Files\Microchip\xc8\v2.46\pic\dat\20240104201356_en.msgs \
  -pivt0x8=08h -cn -h+dist/default/debug\robot.X.debug.sym \
  --cmf=dist/default/debug\robot.X.debug.cmf -z -Q18F16Q41 \
  -oC:\Users\jhon-\AppData\Local\Temp\xcAstko.\driver_tmp_3.o \
  --defsym=__MPLAB_BUILD=1 --fixupoverflow=error \
  -Mdist/default/debug/robot.X.debug.map \
  --md=C:\Users\jhon-\AppData\Local\Temp\xcAstko.\driver_tmp_0.dat -E1 \
  -ver=XC8 Compiler --acfsm=1493 -ACODE=00h-0FFFFh -ACONST=00h-0FFFFh \
  -ASMALLCONST=01500h-015FFhx235 -AMEDIUMCONST=01500h-0FFFFh \
  -ACOMRAM=0501h-055Fh -AABS1=0500h-014FFh -ABIGRAM=0501h-014FFh \
  -ARAM=0560h-05FFh,0600h-06FFhx15 -ABANK5=0560h-05FFh -ABANK6=0600h-06FFh \
  -ABANK7=0700h-07FFh -ABANK8=0800h-08FFh -ABANK9=0900h-09FFh \
  -ABANK10=0A00h-0AFFh -ABANK11=0B00h-0BFFh -ABANK12=0C00h-0CFFh \
  -ABANK13=0D00h-0DFFh -ABANK14=0E00h-0EFFh -ABANK15=0F00h-0FFFh \
  -ABANK16=01000h-010FFh -ABANK17=01100h-011FFh -ABANK18=01200h-012FFh \
  -ABANK19=01300h-013FFh -ABANK20=01400h-014FFh \
  -ASFR=00h-0FFhx4,0400h-045Fh,0460h-04FFh,01500h-015FFh \
  -ABIGSFR=00h-04FFh,01500h-015FFh -ACONFIG=0300000h-0300011h \
  -AIDLOC=0200000h-020003Fh -AEEDATA=0380000h-03801FFh -peeprom_data=EEDATA \
  -preset_vec=00h -ppowerup=CODE,init -pramtop=01500h \
  -psmallconst=SMALLCONST -pmediumconst=MEDIUMCONST -pconst=CONST \
  -AFARRAM=00h-00h \
  -prdata=COMRAM,nvrram=COMRAM,nvbit=COMRAM,rbss=COMRAM,rbit=COMRAM \
  -pfarbss=FARRAM,fardata=FARRAM,nvFARRAM=FARRAM \
  -pintsave_regs=BIGRAM,bigbss=BIGRAM,bigdata=BIGRAM -pbss=RAM \
  -pidata=CODE,irdata=CODE,ibigdata=CODE,ifardata=CODE -prparam=COMRAM \
  C:\Users\jhon-\AppData\Local\Temp\xcAstko.\driver_tmp_14.o \
  dist/default/debug\robot.X.debug.o 

Object code version is 3.11

Machine type is 18F16Q41



                Name                               Link     Load   Length Selector   Space Scale
C:\Users\jhon-\AppData\Local\Temp\xcAstko.\driver_tmp_14.o
                config                           300000   300000        9        0       4
                init                                 1A       1A        4        4       0
                reset_vec                             0        0        4        0       0
dist/default/debug\robot.X.debug.o
                config                           300000   300000        9        0       4
                smallconst                         1500     1500       68      A80       0
                ivt0x8                                8        8       12        4       0
                text88                             532A     532A        8      AB4       0
                text87                             533E     533E        6      AB4       0
                text86                             5350     5350        2      AB4       0
                text85                             5048     5048       2E      AB4       0
                text84                             5322     5322        8      AB4       0
                text83                             5016     5016       32      AB4       0
                text82                             521E     521E       1C      AB4       0
                text81                             5310     5310        A      AB4       0
                text80                             5306     5306        A      AB4       0
                text79                             52FC     52FC        A      AB4       0
                text78                             4F7A     4F7A       36      AB4       0
                text77                             4872     4872       A8      AB4       0
                text76                             52F2     52F2        A      AB4       0
                text75                             52E8     52E8        A      AB4       0
                text74                             52DE     52DE        A      AB4       0
                text73                             4BDE     4BDE       6C      AB4       0
                text72                             52D4     52D4        A      AB4       0
                text71                             52CA     52CA        A      AB4       0
                text70                             52C0     52C0        A      AB4       0
                text69                             4B72     4B72       6C      AB4       0
                text68                             52B6     52B6        A      AB4       0
                text67                             52AC     52AC        A      AB4       0
                text66                             52A2     52A2        A      AB4       0
                text65                             4B06     4B06       6C      AB4       0
                text64                             5298     5298        A      AB4       0
                text63                             4FE4     4FE4       32      AB4       0
                text62                             5202     5202       1C      AB4       0
                text61                             51E6     51E6       1C      AB4       0
                text60                             51CA     51CA       1C      AB4       0
                text59                             49AA     49AA       7E      AB4       0
                text58                             5338     5338        6      AB4       0
                text57                             5332     5332        6      AB4       0
                text56                             5246     5246        C      AB4       0
                text55                             518A     518A       22      AB4       0
                text54                             5140     5140       26      AB4       0
                text53                             534C     534C        4      AB4       0
                text52                             528E     528E        A      AB4       0
                text51                             5284     5284        A      AB4       0
                text50                             5348     5348        4      AB4       0
                text49                             527A     527A        A      AB4       0
                text48                             5270     5270        A      AB4       0
                text47                             5344     5344        4      AB4       0
                text46                             5266     5266        A      AB4       0
                text45                             525C     525C        A      AB4       0
                text44                             2C08     2C08      39A      AB4       0
                text43                             2418     2418      42A      AB4       0
                text42                             434C     434C      106      AB4       0
                text41                             402C     402C      10E      AB4       0
                text40                             50A0     50A0       2A      AB4       0
                text39                             4246     4246      106      AB4       0
                text38                             1F58     1F58      4C0      AB4       0
                text37                             4D40     4D40       46      AB4       0
                text36                             3CCE     3CCE      1B4      AB4       0
                text35                             4FB0     4FB0       34      AB4       0
                text34                             36AA     36AA      216      AB4       0
                text33                             50F2     50F2       28      AB4       0
                text32                             413A     413A      10C      AB4       0
                text31                             4550     4550       EC      AB4       0
                text30                             5076     5076       2A      AB4       0
                text29                             531A     531A        8      AB4       0
                text28                             51AC     51AC       1E      AB4       0
                text27                             463C     463C       CA      AB4       0
                text26                             4D86     4D86       44      AB4       0
                text25                             4A98     4A98       6E      AB4       0
                text24                             3E82     3E82      1AA      AB4       0
                text23                             47C8     47C8       AA      AB4       0
                text22                             4F42     4F42       38      AB4       0
                text21                             4452     4452       FE      AB4       0
                text20                             38C0     38C0      212      AB4       0
                text19                             4C4A     4C4A       56      AB4       0
                text18                             4CF0     4CF0       50      AB4       0
                text17                             4ECE     4ECE       3C      AB4       0
                text16                             1568     1568      9F0      AB4       0
                text15                             511A     511A       26      AB4       0
                text14                             4706     4706       C2      AB4       0
                text13                             2842     2842      3C6      AB4       0
                text12                             4CA0     4CA0       50      AB4       0
                text11                             5166     5166       24      AB4       0
                text10                             3452     3452      258      AB4       0
                text9                              31FA     31FA      258      AB4       0
                text8                              2FA2     2FA2      258      AB4       0
                text7                              4E90     4E90       3E      AB4       0
                text6                              4E4E     4E4E       42      AB4       0
                text5                              50CA     50CA       28      AB4       0
                text4                              3AD2     3AD2      1FC      AB4       0
                text3                              4E0C     4E0C       42      AB4       0
                text2                              4DCA     4DCA       42      AB4       0
                text1                              491A     491A       90      AB4       0
                text0                              4F0A     4F0A       38      AB4       0
                cstackCOMRAM                        501      501       5B      501       1
                cstackBANK5                         560      560       75      560       1
                cstackBANK6                         68A      68A        2      600       1
                dataBANK6                           680      680        A      600       1
                bssBANK6                            600      600       6C      600       1
                dataBANK5                           5F3      5F3        C      560       1
                bssBANK5                            5D5      5D5       1E      560       1
                bssCOMRAM                           55C      55C        2      501       1
                cinit                              4A28     4A28       70      AB4       0
                nvBANK6                             66C      66C       14      600       1
                idataBANK6                         5252     5252        A      AB4       0
                idataBANK5                         523A     523A        C      AB4       0

TOTAL           Name                               Link     Load   Length     Space
        CLASS   CODE           
                init                                 1A       1A        4         0
                reset_vec                             0        0        4         0
                ivt0x8                                8        8       12         0
                text88                             532A     532A        8         0
                text87                             533E     533E        6         0
                text86                             5350     5350        2         0
                text85                             5048     5048       2E         0
                text84                             5322     5322        8         0
                text83                             5016     5016       32         0
                text82                             521E     521E       1C         0
                text81                             5310     5310        A         0
                text80                             5306     5306        A         0
                text79                             52FC     52FC        A         0
                text78                             4F7A     4F7A       36         0
                text77                             4872     4872       A8         0
                text76                             52F2     52F2        A         0
                text75                             52E8     52E8        A         0
                text74                             52DE     52DE        A         0
                text73                             4BDE     4BDE       6C         0
                text72                             52D4     52D4        A         0
                text71                             52CA     52CA        A         0
                text70                             52C0     52C0        A         0
                text69                             4B72     4B72       6C         0
                text68                             52B6     52B6        A         0
                text67                             52AC     52AC        A         0
                text66                             52A2     52A2        A         0
                text65                             4B06     4B06       6C         0
                text64                             5298     5298        A         0
                text63                             4FE4     4FE4       32         0
                text62                             5202     5202       1C         0
                text61                             51E6     51E6       1C         0
                text60                             51CA     51CA       1C         0
                text59                             49AA     49AA       7E         0
                text58                             5338     5338        6         0
                text57                             5332     5332        6         0
                text56                             5246     5246        C         0
                text55                             518A     518A       22         0
                text54                             5140     5140       26         0
                text53                             534C     534C        4         0
                text52                             528E     528E        A         0
                text51                             5284     5284        A         0
                text50                             5348     5348        4         0
                text49                             527A     527A        A         0
                text48                             5270     5270        A         0
                text47                             5344     5344        4         0
                text46                             5266     5266        A         0
                text45                             525C     525C        A         0
                text44                             2C08     2C08      39A         0
                text43                             2418     2418      42A         0
                text42                             434C     434C      106         0
                text41                             402C     402C      10E         0
                text40                             50A0     50A0       2A         0
                text39                             4246     4246      106         0
                text38                             1F58     1F58      4C0         0
                text37                             4D40     4D40       46         0
                text36                             3CCE     3CCE      1B4         0
                text35                             4FB0     4FB0       34         0
                text34                             36AA     36AA      216         0
                text33                             50F2     50F2       28         0
                text32                             413A     413A      10C         0
                text31                             4550     4550       EC         0
                text30                             5076     5076       2A         0
                text29                             531A     531A        8         0
                text28                             51AC     51AC       1E         0
                text27                             463C     463C       CA         0
                text26                             4D86     4D86       44         0
                text25                             4A98     4A98       6E         0
                text24                             3E82     3E82      1AA         0
                text23                             47C8     47C8       AA         0
                text22                             4F42     4F42       38         0
                text21                             4452     4452       FE         0
                text20                             38C0     38C0      212         0
                text19                             4C4A     4C4A       56         0
                text18                             4CF0     4CF0       50         0
                text17                             4ECE     4ECE       3C         0
                text16                             1568     1568      9F0         0
                text15                             511A     511A       26         0
                text14                             4706     4706       C2         0
                text13                             2842     2842      3C6         0
                text12                             4CA0     4CA0       50         0
                text11                             5166     5166       24         0
                text10                             3452     3452      258         0
                text9                              31FA     31FA      258         0
                text8                              2FA2     2FA2      258         0
                text7                              4E90     4E90       3E         0
                text6                              4E4E     4E4E       42         0
                text5                              50CA     50CA       28         0
                text4                              3AD2     3AD2      1FC         0
                text3                              4E0C     4E0C       42         0
                text2                              4DCA     4DCA       42         0
                text1                              491A     491A       90         0
                text0                              4F0A     4F0A       38         0
                cinit                              4A28     4A28       70         0
                idataBANK6                         5252     5252        A         0
                idataBANK5                         523A     523A        C         0

        CLASS   CONST          

        CLASS   SMALLCONST     
                smallconst                         1500     1500       68         0

        CLASS   MEDIUMCONST    

        CLASS   COMRAM         
                cstackCOMRAM                        501      501       5B         1
                bssCOMRAM                           55C      55C        2         1

        CLASS   ABS1           

        CLASS   BIGRAM         

        CLASS   RAM            

        CLASS   BANK5          
                cstackBANK5                         560      560       75         1
                dataBANK5                           5F3      5F3        C         1
                bssBANK5                            5D5      5D5       1E         1

        CLASS   BANK6          
                cstackBANK6                         68A      68A        2         1
                dataBANK6                           680      680        A         1
                bssBANK6                            600      600       6C         1
                nvBANK6                             66C      66C       14         1

        CLASS   BANK7          

        CLASS   BANK8          

        CLASS   BANK9          

        CLASS   BANK10         

        CLASS   BANK11         

        CLASS   BANK12         

        CLASS   BANK13         

        CLASS   BANK14         

        CLASS   BANK15         

        CLASS   BANK16         

        CLASS   BANK17         

        CLASS   BANK18         

        CLASS   BANK19         

        CLASS   BANK20         

        CLASS   SFR            

        CLASS   BIGSFR         

        CLASS   CONFIG         
                config                           300000   300000        9         4

        CLASS   IDLOC          

        CLASS   EEDATA         

        CLASS   FARRAM         

        CLASS   HEAP           

        CLASS   STACK          



SEGMENTS        Name                           Load    Length   Top    Selector   Space  Class

                reset_vec                      000000  000004  000004         0       0  CODE    
                ivt0x8                         000008  000016  00001E         4       0  CODE    
                cstackCOMRAM                   000501  00005D  00055E       501       1  COMRAM  
                cstackBANK5                    000560  00009F  0005FF       560       1  BANK5   
                bssBANK6                       000600  00008C  00068C       600       1  BANK6   
                smallconst                     001500  000068  001568       A80       0  SMALLCON
                text16                         001568  003DEA  005352       AB4       0  CODE    


UNUSED ADDRESS RANGES

        Name                Unused          Largest block    Delta
        BANK10           000A00-000AFF              100
        BANK11           000B00-000BFF              100
        BANK12           000C00-000CFF              100
        BANK13           000D00-000DFF              100
        BANK14           000E00-000EFF              100
        BANK15           000F00-000FFF              100
        BANK16           001000-0010FF              100
        BANK17           001100-0011FF              100
        BANK18           001200-0012FF              100
        BANK19           001300-0013FF              100
        BANK20           001400-0014FF              100
        BANK5            0005FF-0005FF                1
        BANK6            00068C-0006FF               74
        BANK7            000700-0007FF              100
        BANK8            000800-0008FF              100
        BANK9            000900-0009FF              100
        BIGRAM           00055E-00055F                2
                         0005FF-0005FF                1
                         00068C-0014FF              E74
        BIGSFR           000000-0004FF              500
                         001500-0015FF              100
        CODE             000004-000007                4
                         00001E-0014FF             14E2
                         005352-00FFFF             ACAE
        COMRAM           00055E-00055F                2
        CONFIG           300009-300011                9
        CONST            000004-000007                4
                         00001E-0014FF             14E2
                         005352-00FFFF             ACAE
        EEDATA           380000-3801FF              200
        IDLOC            200000-20003F               40
        MEDIUMCONST      005352-00FFFF             ACAE
        RAM              0005FF-0005FF                1
                         00068C-0014FF              100
        SFR              000000-0004FF              100
                         001500-0015FF              100
        SMALLCONST       005352-00FFFF              100

                                  Symbol Table

?___aldiv                                                     cstackCOMRAM 000503
?___almod                                                     cstackCOMRAM 000503
?___fladd                                                     cstackCOMRAM 000503
?___fldiv                                                     cstackCOMRAM 000503
?___flmul                                                     cstackCOMRAM 00051C
?___flneg                                                     cstackCOMRAM 000503
?___flsub                                                     cstackCOMRAM 000535
?___fltol                                                     cstackCOMRAM 00053D
?___fpclassifyf                                               cstackCOMRAM 000503
?___wmul                                                      cstackCOMRAM 000503
?___xxtofl                                                    cstackCOMRAM 00054B
?_abs                                                         cstackCOMRAM 000547
?_floorf                                                      cstackCOMRAM 00051C
?_labs                                                        cstackCOMRAM 000503
?_printf                                                      cstackBANK5  0005B2
?_read_prec_or_width                                          cstackCOMRAM 000509
?_vfprintf                                                    cstackBANK5  0005AD
INT0_SetInterruptHandler@InterruptHandler                     cstackCOMRAM 000503
INT1_SetInterruptHandler@InterruptHandler                     cstackCOMRAM 000503
INT2_SetInterruptHandler@InterruptHandler                     cstackCOMRAM 000503
IVTBASEH                                                      (abs)        00045E
IVTBASEL                                                      (abs)        00045D
IVTBASEU                                                      (abs)        00045F
PWM1_16BIT_Period_SetInterruptHandler@InterruptHandler        cstackCOMRAM 000503
PWM1_16BIT_SetSlice1Output1DutyCycleRegister@registerValue    cstackCOMRAM 000503
PWM1_16BIT_SetSlice1Output2DutyCycleRegister@registerValue    cstackCOMRAM 000503
PWM1_16BIT_Slice1Output1_SetInterruptHandler@InterruptHandler cstackCOMRAM 000503
PWM1_16BIT_Slice1Output2_SetInterruptHandler@InterruptHandler cstackCOMRAM 000503
PWM2_16BIT_Period_SetInterruptHandler@InterruptHandler        cstackCOMRAM 000503
PWM2_16BIT_SetSlice1Output1DutyCycleRegister@registerValue    cstackCOMRAM 000503
PWM2_16BIT_SetSlice1Output2DutyCycleRegister@registerValue    cstackCOMRAM 000503
PWM2_16BIT_Slice1Output1_SetInterruptHandler@InterruptHandler cstackCOMRAM 000503
PWM2_16BIT_Slice1Output2_SetInterruptHandler@InterruptHandler cstackCOMRAM 000503
PWM3_16BIT_Period_SetInterruptHandler@InterruptHandler        cstackCOMRAM 000503
PWM3_16BIT_SetSlice1Output1DutyCycleRegister@registerValue    cstackCOMRAM 000503
PWM3_16BIT_SetSlice1Output2DutyCycleRegister@registerValue    cstackCOMRAM 000503
PWM3_16BIT_Slice1Output1_SetInterruptHandler@InterruptHandler cstackCOMRAM 000503
PWM3_16BIT_Slice1Output2_SetInterruptHandler@InterruptHandler cstackCOMRAM 000503
TMR0_OverflowCallbackRegister@CallbackHandler                 cstackCOMRAM 000503
TMR0_Write@timerVal                                           cstackCOMRAM 000503
UART1_FramingErrorCallbackRegister@callbackHandler            cstackCOMRAM 000503
UART1_OverrunErrorCallbackRegister@callbackHandler            cstackCOMRAM 000503
UART1_ParityErrorCallbackRegister@callbackHandler             cstackCOMRAM 000503
UART1_Write@txData                                            cstackCOMRAM 000503
_ACTCON                                                       (abs)        0000AC
_ANSELA                                                       (abs)        000400
_ANSELB                                                       (abs)        000408
_ANSELC                                                       (abs)        000410
_CLOCK_Initialize                                             text82       00521E
_INLVLA                                                       (abs)        000404
_INLVLB                                                       (abs)        00040C
_INLVLC                                                       (abs)        000414
_INT0PPS                                                      (abs)        00023E
_INT0_CallBack                                                text85       005048
_INT0_DefaultInterruptHandler                                 text86       005350
_INT0_ISR                                                     text84       005322
_INT0_InterruptHandler                                        bssBANK5     0005EB
_INT0_SetInterruptHandler                                     text81       005310
_INT1_DefaultInterruptHandler                                 (abs)        000000
_INT1_InterruptHandler                                        bssBANK5     0005E9
_INT1_SetInterruptHandler                                     text80       005306
_INT2_DefaultInterruptHandler                                 (abs)        000000
_INT2_InterruptHandler                                        bssBANK5     0005E7
_INT2_SetInterruptHandler                                     text79       0052FC
_INTCON0bits                                                  (abs)        0004D6
_INTERRUPT_Initialize                                         text78       004F7A
_INTERRUPT_InterruptManager                                   text83       005016
_IOCAF                                                        (abs)        000407
_IOCAN                                                        (abs)        000406
_IOCAP                                                        (abs)        000405
_IOCBF                                                        (abs)        00040F
_IOCBN                                                        (abs)        00040E
_IOCBP                                                        (abs)        00040D
_IOCCF                                                        (abs)        000417
_IOCCN                                                        (abs)        000416
_IOCCP                                                        (abs)        000415
_ISR_Boton                                                    text87       00533E
_LATA                                                         (abs)        0004BE
_LATB                                                         (abs)        0004BF
_LATC                                                         (abs)        0004C0
_LATCbits                                                     (abs)        0004C0
_ODCONA                                                       (abs)        000402
_ODCONB                                                       (abs)        00040A
_ODCONC                                                       (abs)        000412
_OSCCON1                                                      (abs)        0000AD
_OSCCON3                                                      (abs)        0000AF
_OSCEN                                                        (abs)        0000B3
_OSCFRQ                                                       (abs)        0000B1
_OSCTUNE                                                      (abs)        0000B0
_PIE1bits                                                     (abs)        0004A9
_PIE3bits                                                     (abs)        0004AB
_PIE4bits                                                     (abs)        0004AC
_PIE5bits                                                     (abs)        0004AD
_PIE7bits                                                     (abs)        0004AF
_PIN_MANAGER_Initialize                                       text77       004872
_PIR10bits                                                    (abs)        0004BD
_PIR1bits                                                     (abs)        0004B4
_PIR3bits                                                     (abs)        0004B6
_PIR4bits                                                     (abs)        0004B7
_PIR5bits                                                     (abs)        0004B8
_PIR6bits                                                     (abs)        0004B9
_PIR7bits                                                     (abs)        0004BA
_PWM1CLK                                                      (abs)        000461
_PWM1CON                                                      (abs)        000469
_PWM1CONbits                                                  (abs)        000469
_PWM1CPRE                                                     (abs)        000465
_PWM1ERS                                                      (abs)        000460
_PWM1GIE                                                      (abs)        000468
_PWM1GIEbits                                                  (abs)        000468
_PWM1GIR                                                      (abs)        000467
_PWM1GIRbits                                                  (abs)        000467
_PWM1LDS                                                      (abs)        000462
_PWM1PIPOS                                                    (abs)        000466
_PWM1PRH                                                      (abs)        000464
_PWM1PRL                                                      (abs)        000463
_PWM1S1CFG                                                    (abs)        00046A
_PWM1S1P1H                                                    (abs)        00046C
_PWM1S1P1L                                                    (abs)        00046B
_PWM1S1P2H                                                    (abs)        00046E
_PWM1S1P2L                                                    (abs)        00046D
_PWM1_16BIT_Initialize                                        text73       004BDE
_PWM1_16BIT_LoadBufferRegisters                               text53       00534C
_PWM1_16BIT_Period_DefaultInterruptHandler                    (abs)        000000
_PWM1_16BIT_Period_InterruptHandler                           nvBANK6      00066E
_PWM1_16BIT_Period_SetInterruptHandler                        text76       0052F2
_PWM1_16BIT_SetSlice1Output1DutyCycleRegister                 text52       00528E
_PWM1_16BIT_SetSlice1Output2DutyCycleRegister                 text51       005284
_PWM1_16BIT_Slice1Output1_DefaultInterruptHandler             (abs)        000000
_PWM1_16BIT_Slice1Output1_InterruptHandler                    nvBANK6      000672
_PWM1_16BIT_Slice1Output1_SetInterruptHandler                 text75       0052E8
_PWM1_16BIT_Slice1Output2_DefaultInterruptHandler             (abs)        000000
_PWM1_16BIT_Slice1Output2_InterruptHandler                    nvBANK6      000670
_PWM1_16BIT_Slice1Output2_SetInterruptHandler                 text74       0052DE
_PWM2CLK                                                      (abs)        000470
_PWM2CON                                                      (abs)        000478
_PWM2CONbits                                                  (abs)        000478
_PWM2CPRE                                                     (abs)        000474
_PWM2ERS                                                      (abs)        00046F
_PWM2GIE                                                      (abs)        000477
_PWM2GIEbits                                                  (abs)        000477
_PWM2GIR                                                      (abs)        000476
_PWM2GIRbits                                                  (abs)        000476
_PWM2LDS                                                      (abs)        000471
_PWM2PIPOS                                                    (abs)        000475
_PWM2PRH                                                      (abs)        000473
_PWM2PRL                                                      (abs)        000472
_PWM2S1CFG                                                    (abs)        000479
_PWM2S1P1H                                                    (abs)        00047B
_PWM2S1P1L                                                    (abs)        00047A
_PWM2S1P2H                                                    (abs)        00047D
_PWM2S1P2L                                                    (abs)        00047C
_PWM2_16BIT_Initialize                                        text69       004B72
_PWM2_16BIT_LoadBufferRegisters                               text50       005348
_PWM2_16BIT_Period_DefaultInterruptHandler                    (abs)        000000
_PWM2_16BIT_Period_InterruptHandler                           nvBANK6      000674
_PWM2_16BIT_Period_SetInterruptHandler                        text72       0052D4
_PWM2_16BIT_SetSlice1Output1DutyCycleRegister                 text49       00527A
_PWM2_16BIT_SetSlice1Output2DutyCycleRegister                 text48       005270
_PWM2_16BIT_Slice1Output1_DefaultInterruptHandler             (abs)        000000
_PWM2_16BIT_Slice1Output1_InterruptHandler                    nvBANK6      000678
_PWM2_16BIT_Slice1Output1_SetInterruptHandler                 text71       0052CA
_PWM2_16BIT_Slice1Output2_DefaultInterruptHandler             (abs)        000000
_PWM2_16BIT_Slice1Output2_InterruptHandler                    nvBANK6      000676
_PWM2_16BIT_Slice1Output2_SetInterruptHandler                 text70       0052C0
_PWM3CLK                                                      (abs)        00047F
_PWM3CON                                                      (abs)        000487
_PWM3CONbits                                                  (abs)        000487
_PWM3CPRE                                                     (abs)        000483
_PWM3ERS                                                      (abs)        00047E
_PWM3GIE                                                      (abs)        000486
_PWM3GIEbits                                                  (abs)        000486
_PWM3GIR                                                      (abs)        000485
_PWM3GIRbits                                                  (abs)        000485
_PWM3LDS                                                      (abs)        000480
_PWM3PIPOS                                                    (abs)        000484
_PWM3PRH                                                      (abs)        000482
_PWM3PRL                                                      (abs)        000481
_PWM3S1CFG                                                    (abs)        000488
_PWM3S1P1H                                                    (abs)        00048A
_PWM3S1P1L                                                    (abs)        000489
_PWM3S1P2H                                                    (abs)        00048C
_PWM3S1P2L                                                    (abs)        00048B
_PWM3_16BIT_Initialize                                        text65       004B06
_PWM3_16BIT_LoadBufferRegisters                               text47       005344
_PWM3_16BIT_Period_DefaultInterruptHandler                    (abs)        000000
_PWM3_16BIT_Period_InterruptHandler                           nvBANK6      00067A
_PWM3_16BIT_Period_SetInterruptHandler                        text68       0052B6
_PWM3_16BIT_SetSlice1Output1DutyCycleRegister                 text46       005266
_PWM3_16BIT_SetSlice1Output2DutyCycleRegister                 text45       00525C
_PWM3_16BIT_Slice1Output1_DefaultInterruptHandler             (abs)        000000
_PWM3_16BIT_Slice1Output1_InterruptHandler                    nvBANK6      00067E
_PWM3_16BIT_Slice1Output1_SetInterruptHandler                 text67       0052AC
_PWM3_16BIT_Slice1Output2_DefaultInterruptHandler             (abs)        000000
_PWM3_16BIT_Slice1Output2_InterruptHandler                    nvBANK6      00067C
_PWM3_16BIT_Slice1Output2_SetInterruptHandler                 text66       0052A2
_RB4I2C                                                       (abs)        000287
_RB4PPS                                                       (abs)        00020D
_RB6I2C                                                       (abs)        000286
_RB6PPS                                                       (abs)        00020F
_RB7PPS                                                       (abs)        000210
_RC4PPS                                                       (abs)        000215
_RC5PPS                                                       (abs)        000216
_RC6PPS                                                       (abs)        000217
_RC7PPS                                                       (abs)        000218
_SLRCONA                                                      (abs)        000403
_SLRCONB                                                      (abs)        00040B
_SLRCONC                                                      (abs)        000413
_SYSTEM_Initialize                                            text54       005140
_T0CON0                                                       (abs)        00031A
_T0CON0bits                                                   (abs)        00031A
_T0CON1                                                       (abs)        00031B
_TMR0H                                                        (abs)        000319
_TMR0L                                                        (abs)        000318
_TMR0_DefaultOverflowCallback                                 (abs)        000000
_TMR0_Initialize                                              text63       004FE4
_TMR0_OverflowCallback                                        nvBANK6      00066C
_TMR0_OverflowCallbackRegister                                text64       005298
_TMR0_Start                                                   text58       005338
_TMR0_Stop                                                    text57       005332
_TMR0_Tasks                                                   (abs)        000000
_TMR0_Write                                                   text56       005246
_TRISA                                                        (abs)        0004C6
_TRISB                                                        (abs)        0004C7
_TRISC                                                        (abs)        0004C8
_Timer0                                                       smallconst   001531
_U1BRGH                                                       (abs)        0002AF
_U1BRGL                                                       (abs)        0002AE
_U1CON0                                                       (abs)        0002AB
_U1CON0bits                                                   (abs)        0002AB
_U1CON1                                                       (abs)        0002AC
_U1CON1bits                                                   (abs)        0002AC
_U1CON2                                                       (abs)        0002AD
_U1ERRIE                                                      (abs)        0002B3
_U1ERRIR                                                      (abs)        0002B2
_U1ERRIRbits                                                  (abs)        0002B2
_U1FIFO                                                       (abs)        0002B0
_U1FIFObits                                                   (abs)        0002B0
_U1P1H                                                        (abs)        0002A6
_U1P1L                                                        (abs)        0002A5
_U1P2H                                                        (abs)        0002A8
_U1P2L                                                        (abs)        0002A7
_U1P3H                                                        (abs)        0002AA
_U1P3L                                                        (abs)        0002A9
_U1RXB                                                        (abs)        0002A1
_U1RXCHK                                                      (abs)        0002A2
_U1RXPPS                                                      (abs)        000272
_U1TXB                                                        (abs)        0002A3
_U1TXCHK                                                      (abs)        0002A4
_U1UIR                                                        (abs)        0002B1
_U1UIRbits                                                    (abs)        0002B1
_UART1                                                        smallconst   001501
_UART1_AutoBaudQuery                                          (abs)        000000
_UART1_AutoBaudSet                                            (abs)        000000
_UART1_DefaultFramingErrorCallback                            (abs)        000000
_UART1_DefaultOverrunErrorCallback                            (abs)        000000
_UART1_DefaultParityErrorCallback                             (abs)        000000
_UART1_Deinitialize                                           (abs)        000000
_UART1_ErrorGet                                               (abs)        000000
_UART1_FramingErrorCallbackRegister                           text62       005202
_UART1_FramingErrorHandler                                    bssBANK5     0005E3
_UART1_Initialize                                             text59       0049AA
_UART1_IsRxReady                                              (abs)        000000
_UART1_IsTxDone                                               (abs)        000000
_UART1_IsTxReady                                              text30       005076
_UART1_IsTxReady$1897                                         cstackCOMRAM 000503
_UART1_OverrunErrorCallbackRegister                           text61       0051E6
_UART1_OverrunErrorHandler                                    bssBANK6     00060E
_UART1_ParityErrorCallbackRegister                            text60       0051CA
_UART1_ParityErrorHandler                                     bssBANK6     00060C
_UART1_Read                                                   (abs)        000000
_UART1_TransmitDisable                                        (abs)        000000
_UART1_TransmitEnable                                         (abs)        000000
_UART1_Write                                                  text29       00531A
_WPUA                                                         (abs)        000401
_WPUB                                                         (abs)        000409
_WPUC                                                         (abs)        000411
__HRAM                                                        (abs)        000000
__H__absolute__                                               __absolute__ 000000
__Habs1                                                       abs1         000000
__Hbank10                                                     bank10       000000
__Hbank11                                                     bank11       000000
__Hbank12                                                     bank12       000000
__Hbank13                                                     bank13       000000
__Hbank14                                                     bank14       000000
__Hbank15                                                     bank15       000000
__Hbank16                                                     bank16       000000
__Hbank17                                                     bank17       000000
__Hbank18                                                     bank18       000000
__Hbank19                                                     bank19       000000
__Hbank20                                                     bank20       000000
__Hbank5                                                      bank5        000000
__Hbank6                                                      bank6        000000
__Hbank7                                                      bank7        000000
__Hbank8                                                      bank8        000000
__Hbank9                                                      bank9        000000
__Hbigbss                                                     bigbss       000000
__Hbigdata                                                    bigdata      000000
__Hbigram                                                     bigram       000000
__Hbigsfr                                                     bigsfr       000000
__Hbss                                                        bss          000000
__HbssBANK5                                                   bssBANK5     000000
__HbssBANK6                                                   bssBANK6     000000
__HbssCOMRAM                                                  bssCOMRAM    000000
__Hcinit                                                      cinit        000000
__Hclrtext                                                    clrtext      000000
__Hcomram                                                     comram       000000
__Hconfig                                                     config       300009
__Hconst                                                      const        000000
__HcstackBANK5                                                cstackBANK5  000000
__HcstackBANK6                                                cstackBANK6  000000
__HcstackCOMRAM                                               cstackCOMRAM 000000
__Hdata                                                       data         000000
__HdataBANK5                                                  dataBANK5    000000
__HdataBANK6                                                  dataBANK6    000000
__Heeprom_data                                                eeprom_data  000000
__Hfarbss                                                     farbss       000000
__Hfardata                                                    fardata      000000
__Hheap                                                       heap         000000
__Hibigdata                                                   ibigdata     000000
__Hidata                                                      idata        000000
__HidataBANK5                                                 idataBANK5   000000
__HidataBANK6                                                 idataBANK6   000000
__Hidloc                                                      idloc        000000
__Hifardata                                                   ifardata     000000
__Hinit                                                       init         00001E
__Hintsave_regs                                               intsave_regs 000000
__Hirdata                                                     irdata       000000
__Hivt0x8                                                     ivt0x8       00001A
__Hmediumconst                                                mediumconst  000000
__HnvBANK6                                                    nvBANK6      000000
__HnvFARRAM                                                   nvFARRAM     000000
__Hnvbit                                                      nvbit        000000
__Hnvrram                                                     nvrram       000000
__Hparam                                                      rparam       000000
__Hpowerup                                                    powerup      000000
__Hram                                                        ram          000000
__Hramtop                                                     ramtop       001500
__Hrbit                                                       rbit         000000
__Hrbss                                                       rbss         000000
__Hrdata                                                      rdata        000000
__Hreset_vec                                                  reset_vec    000004
__Hrparam                                                     rparam       000000
__Hsfr                                                        sfr          000000
__Hsmallconst                                                 smallconst   001568
__Hspace_0                                                    (abs)        005352
__Hspace_1                                                    (abs)        00068C
__Hspace_2                                                    (abs)        000000
__Hspace_4                                                    (abs)        600009
__Hstack                                                      stack        000000
__Hstruct                                                     struct       000000
__Htemp                                                       temp         000000
__Htext                                                       text         000000
__Htext0                                                      text0        000000
__Htext1                                                      text1        000000
__Htext10                                                     text10       000000
__Htext11                                                     text11       000000
__Htext12                                                     text12       000000
__Htext13                                                     text13       000000
__Htext14                                                     text14       000000
__Htext15                                                     text15       000000
__Htext16                                                     text16       000000
__Htext17                                                     text17       000000
__Htext18                                                     text18       000000
__Htext19                                                     text19       000000
__Htext2                                                      text2        000000
__Htext20                                                     text20       000000
__Htext21                                                     text21       000000
__Htext22                                                     text22       000000
__Htext23                                                     text23       000000
__Htext24                                                     text24       000000
__Htext25                                                     text25       000000
__Htext26                                                     text26       000000
__Htext27                                                     text27       000000
__Htext28                                                     text28       000000
__Htext29                                                     text29       000000
__Htext3                                                      text3        000000
__Htext30                                                     text30       000000
__Htext31                                                     text31       000000
__Htext32                                                     text32       000000
__Htext33                                                     text33       000000
__Htext34                                                     text34       000000
__Htext35                                                     text35       000000
__Htext36                                                     text36       000000
__Htext37                                                     text37       000000
__Htext38                                                     text38       000000
__Htext39                                                     text39       000000
__Htext4                                                      text4        000000
__Htext40                                                     text40       000000
__Htext41                                                     text41       000000
__Htext42                                                     text42       000000
__Htext43                                                     text43       000000
__Htext44                                                     text44       000000
__Htext45                                                     text45       000000
__Htext46                                                     text46       000000
__Htext47                                                     text47       000000
__Htext48                                                     text48       000000
__Htext49                                                     text49       000000
__Htext5                                                      text5        000000
__Htext50                                                     text50       000000
__Htext51                                                     text51       000000
__Htext52                                                     text52       000000
__Htext53                                                     text53       000000
__Htext54                                                     text54       000000
__Htext55                                                     text55       000000
__Htext56                                                     text56       000000
__Htext57                                                     text57       000000
__Htext58                                                     text58       000000
__Htext59                                                     text59       000000
__Htext6                                                      text6        000000
__Htext60                                                     text60       000000
__Htext61                                                     text61       000000
__Htext62                                                     text62       000000
__Htext63                                                     text63       000000
__Htext64                                                     text64       000000
__Htext65                                                     text65       000000
__Htext66                                                     text66       000000
__Htext67                                                     text67       000000
__Htext68                                                     text68       000000
__Htext69                                                     text69       000000
__Htext7                                                      text7        000000
__Htext70                                                     text70       000000
__Htext71                                                     text71       000000
__Htext72                                                     text72       000000
__Htext73                                                     text73       000000
__Htext74                                                     text74       000000
__Htext75                                                     text75       000000
__Htext76                                                     text76       000000
__Htext77                                                     text77       000000
__Htext78                                                     text78       000000
__Htext79                                                     text79       000000
__Htext8                                                      text8        000000
__Htext80                                                     text80       000000
__Htext81                                                     text81       000000
__Htext82                                                     text82       000000
__Htext83                                                     text83       000000
__Htext84                                                     text84       000000
__Htext85                                                     text85       000000
__Htext86                                                     text86       000000
__Htext87                                                     text87       000000
__Htext88                                                     text88       000000
__Htext9                                                      text9        000000
__LRAM                                                        (abs)        000001
__L__absolute__                                               __absolute__ 000000
__Labs1                                                       abs1         000000
__Lbank10                                                     bank10       000000
__Lbank11                                                     bank11       000000
__Lbank12                                                     bank12       000000
__Lbank13                                                     bank13       000000
__Lbank14                                                     bank14       000000
__Lbank15                                                     bank15       000000
__Lbank16                                                     bank16       000000
__Lbank17                                                     bank17       000000
__Lbank18                                                     bank18       000000
__Lbank19                                                     bank19       000000
__Lbank20                                                     bank20       000000
__Lbank5                                                      bank5        000000
__Lbank6                                                      bank6        000000
__Lbank7                                                      bank7        000000
__Lbank8                                                      bank8        000000
__Lbank9                                                      bank9        000000
__Lbigbss                                                     bigbss       000000
__Lbigdata                                                    bigdata      000000
__Lbigram                                                     bigram       000000
__Lbigsfr                                                     bigsfr       000000
__Lbss                                                        bss          000000
__LbssBANK5                                                   bssBANK5     000000
__LbssBANK6                                                   bssBANK6     000000
__LbssCOMRAM                                                  bssCOMRAM    000000
__Lcinit                                                      cinit        000000
__Lclrtext                                                    clrtext      000000
__Lcomram                                                     comram       000000
__Lconfig                                                     config       000000
__Lconst                                                      const        000000
__LcstackBANK5                                                cstackBANK5  000000
__LcstackBANK6                                                cstackBANK6  000000
__LcstackCOMRAM                                               cstackCOMRAM 000000
__Ldata                                                       data         000000
__LdataBANK5                                                  dataBANK5    000000
__LdataBANK6                                                  dataBANK6    000000
__Leeprom_data                                                eeprom_data  000000
__Lfarbss                                                     farbss       000000
__Lfardata                                                    fardata      000000
__Lheap                                                       heap         000000
__Libigdata                                                   ibigdata     000000
__Lidata                                                      idata        000000
__LidataBANK5                                                 idataBANK5   000000
__LidataBANK6                                                 idataBANK6   000000
__Lidloc                                                      idloc        000000
__Lifardata                                                   ifardata     000000
__Linit                                                       init         00001A
__Lintsave_regs                                               intsave_regs 000000
__Lirdata                                                     irdata       000000
__Livt0x8                                                     ivt0x8       000008
__Lmediumconst                                                mediumconst  000000
__LnvBANK6                                                    nvBANK6      000000
__LnvFARRAM                                                   nvFARRAM     000000
__Lnvbit                                                      nvbit        000000
__Lnvrram                                                     nvrram       000000
__Lparam                                                      rparam       000000
__Lpowerup                                                    powerup      000000
__Lram                                                        ram          000000
__Lramtop                                                     ramtop       001500
__Lrbit                                                       rbit         000000
__Lrbss                                                       rbss         000000
__Lrdata                                                      rdata        000000
__Lreset_vec                                                  reset_vec    000000
__Lrparam                                                     rparam       000000
__Lsfr                                                        sfr          000000
__Lsmallconst                                                 smallconst   001500
__Lspace_0                                                    (abs)        000000
__Lspace_1                                                    (abs)        000000
__Lspace_2                                                    (abs)        000000
__Lspace_4                                                    (abs)        000000
__Lstack                                                      stack        000000
__Lstruct                                                     struct       000000
__Ltemp                                                       temp         000000
__Ltext                                                       text         000000
__Ltext0                                                      text0        000000
__Ltext1                                                      text1        000000
__Ltext10                                                     text10       000000
__Ltext11                                                     text11       000000
__Ltext12                                                     text12       000000
__Ltext13                                                     text13       000000
__Ltext14                                                     text14       000000
__Ltext15                                                     text15       000000
__Ltext16                                                     text16       000000
__Ltext17                                                     text17       000000
__Ltext18                                                     text18       000000
__Ltext19                                                     text19       000000
__Ltext2                                                      text2        000000
__Ltext20                                                     text20       000000
__Ltext21                                                     text21       000000
__Ltext22                                                     text22       000000
__Ltext23                                                     text23       000000
__Ltext24                                                     text24       000000
__Ltext25                                                     text25       000000
__Ltext26                                                     text26       000000
__Ltext27                                                     text27       000000
__Ltext28                                                     text28       000000
__Ltext29                                                     text29       000000
__Ltext3                                                      text3        000000
__Ltext30                                                     text30       000000
__Ltext31                                                     text31       000000
__Ltext32                                                     text32       000000
__Ltext33                                                     text33       000000
__Ltext34                                                     text34       000000
__Ltext35                                                     text35       000000
__Ltext36                                                     text36       000000
__Ltext37                                                     text37       000000
__Ltext38                                                     text38       000000
__Ltext39                                                     text39       000000
__Ltext4                                                      text4        000000
__Ltext40                                                     text40       000000
__Ltext41                                                     text41       000000
__Ltext42                                                     text42       000000
__Ltext43                                                     text43       000000
__Ltext44                                                     text44       000000
__Ltext45                                                     text45       000000
__Ltext46                                                     text46       000000
__Ltext47                                                     text47       000000
__Ltext48                                                     text48       000000
__Ltext49                                                     text49       000000
__Ltext5                                                      text5        000000
__Ltext50                                                     text50       000000
__Ltext51                                                     text51       000000
__Ltext52                                                     text52       000000
__Ltext53                                                     text53       000000
__Ltext54                                                     text54       000000
__Ltext55                                                     text55       000000
__Ltext56                                                     text56       000000
__Ltext57                                                     text57       000000
__Ltext58                                                     text58       000000
__Ltext59                                                     text59       000000
__Ltext6                                                      text6        000000
__Ltext60                                                     text60       000000
__Ltext61                                                     text61       000000
__Ltext62                                                     text62       000000
__Ltext63                                                     text63       000000
__Ltext64                                                     text64       000000
__Ltext65                                                     text65       000000
__Ltext66                                                     text66       000000
__Ltext67                                                     text67       000000
__Ltext68                                                     text68       000000
__Ltext69                                                     text69       000000
__Ltext7                                                      text7        000000
__Ltext70                                                     text70       000000
__Ltext71                                                     text71       000000
__Ltext72                                                     text72       000000
__Ltext73                                                     text73       000000
__Ltext74                                                     text74       000000
__Ltext75                                                     text75       000000
__Ltext76                                                     text76       000000
__Ltext77                                                     text77       000000
__Ltext78                                                     text78       000000
__Ltext79                                                     text79       000000
__Ltext8                                                      text8        000000
__Ltext80                                                     text80       000000
__Ltext81                                                     text81       000000
__Ltext82                                                     text82       000000
__Ltext83                                                     text83       000000
__Ltext84                                                     text84       000000
__Ltext85                                                     text85       000000
__Ltext86                                                     text86       000000
__Ltext87                                                     text87       000000
__Ltext88                                                     text88       000000
__Ltext9                                                      text9        000000
__S0                                                          (abs)        005352
__S1                                                          (abs)        00068C
__S4                                                          (abs)        000000
__S5                                                          (abs)        000000
___aldiv                                                      text32       00413A
___aldiv@counter                                              cstackCOMRAM 00050B
___aldiv@dividend                                             cstackCOMRAM 000503
___aldiv@divisor                                              cstackCOMRAM 000507
___aldiv@quotient                                             cstackCOMRAM 00050D
___aldiv@sign                                                 cstackCOMRAM 00050C
___almod                                                      text31       004550
___almod@counter                                              cstackCOMRAM 00050B
___almod@dividend                                             cstackCOMRAM 000503
___almod@divisor                                              cstackCOMRAM 000507
___almod@sign                                                 cstackCOMRAM 00050C
___fladd                                                      text38       001F58
___fladd@a                                                    cstackCOMRAM 000507
___fladd@aexp                                                 cstackCOMRAM 000510
___fladd@b                                                    cstackCOMRAM 000503
___fladd@bexp                                                 cstackCOMRAM 000511
___fladd@grs                                                  cstackCOMRAM 000512
___fladd@signs                                                cstackCOMRAM 00050F
___fldiv                                                      text44       002C08
___fldiv@a                                                    cstackCOMRAM 000507
___fldiv@aexp                                                 cstackCOMRAM 00051B
___fldiv@b                                                    cstackCOMRAM 000503
___fldiv@bexp                                                 cstackCOMRAM 00051A
___fldiv@grs                                                  cstackCOMRAM 000516
___fldiv@new_exp                                              cstackCOMRAM 000514
___fldiv@rem                                                  cstackCOMRAM 00050F
___fldiv@sign                                                 cstackCOMRAM 000513
___fleq                                                       text23       0047C8
___fleq@ff1                                                   cstackCOMRAM 000503
___fleq@ff2                                                   cstackCOMRAM 000507
___flge                                                       text39       004246
___flge@ff1                                                   cstackBANK5  000560
___flge@ff2                                                   cstackBANK5  000564
___flmul                                                      text43       002418
___flmul@a                                                    cstackCOMRAM 000520
___flmul@aexp                                                 cstackCOMRAM 00052D
___flmul@b                                                    cstackCOMRAM 00051C
___flmul@bexp                                                 cstackCOMRAM 00052E
___flmul@grs                                                  cstackCOMRAM 000529
___flmul@prod                                                 cstackCOMRAM 00052F
___flmul@sign                                                 cstackCOMRAM 000528
___flmul@temp                                                 cstackCOMRAM 000533
___flneg                                                      text22       004F42
___flneg@f1                                                   cstackCOMRAM 000503
___flsub                                                      text37       004D40
___flsub@a                                                    cstackCOMRAM 000539
___flsub@b                                                    cstackCOMRAM 000535
___fltol                                                      text42       00434C
___fltol@exp1                                                 cstackCOMRAM 000546
___fltol@f1                                                   cstackCOMRAM 00053D
___fltol@sign1                                                cstackCOMRAM 000545
___fpclassifyf                                                text21       004452
___fpclassifyf@F465                                           bssBANK6     000604
___fpclassifyf@e                                              cstackCOMRAM 00050B
___fpclassifyf@u                                              cstackCOMRAM 00050D
___fpclassifyf@x                                              cstackCOMRAM 000503
___heap_hi                                                    (abs)        000000
___heap_lo                                                    (abs)        000000
___inthi_sp                                                   stack        000000
___inthi_stack_hi                                             stack        000000
___inthi_stack_lo                                             stack        000000
___intlo_sp                                                   stack        000000
[...]
_goto_servo                                                   text7        004E90
_isRunning                                                    bssBANK5     0005F0
_labs                                                         text19       004C4A
_lastTimerLoad                                                bssBANK5     0005D9
_listHead                                                     bssBANK5     0005F1
_main                                                         text0        004F0A
_memcpy                                                       text18       004CF0
_modoActual                                                   bssBANK6     00060A
_modo_funcionamiento                                          bssBANK5     0005EF
_openGate                                                     text6        004E4E
_openHand                                                     text5        0050CA
_pad                                                          text25       004A98
_prec                                                         bssBANK5     0005E1
_printf                                                       text11       005166
_putch                                                        text28       0051AC
_read_prec_or_width                                           text14       004706
_set0                                                         text10       003452
_set1                                                         text9        0031FA
_set2                                                         text8        002FA2
_set3                                                         text34       0036AA
_setServoAngle                                                text41       00402C
_strcpy                                                       text17       004ECE
_theta0                                                       dataBANK5    0005FB
_theta1                                                       dataBANK5    0005F7
_theta2                                                       dataBANK5    0005F3
_theta3                                                       bssBANK5     0005D5
_timeout_initialize                                           text55       00518A
_timeout_isr                                                  (abs)        000000
_timerTMR0ReloadVal16bit                                      bssBANK5     0005E5
_uart1RxLastError                                             bssBANK6     000610
_vfpfcnvrt                                                    text13       002842
_vfprintf                                                     text12       004CA0
_width                                                        bssBANK6     000608
abs@a                                                         cstackCOMRAM 000547
dtoa@d                                                        cstackCOMRAM 00054D
dtoa@fp                                                       cstackCOMRAM 00054B
dtoa@i                                                        cstackCOMRAM 000558
dtoa@p                                                        cstackCOMRAM 000555
dtoa@s                                                        cstackCOMRAM 000557
dtoa@w                                                        cstackCOMRAM 000553
efgtoa@c                                                      cstackBANK5  000572
efgtoa@d                                                      cstackBANK5  00057E
efgtoa@e                                                      cstackBANK5  000582
efgtoa@f                                                      cstackBANK5  00056E
efgtoa@fp                                                     cstackBANK5  00056C
efgtoa@g                                                      cstackBANK5  000595
efgtoa@h                                                      cstackBANK5  00058C
efgtoa@i                                                      cstackBANK5  00058A
efgtoa@l                                                      cstackBANK5  000590
efgtoa@m                                                      cstackBANK5  000580
efgtoa@mode                                                   cstackBANK5  00057C
efgtoa@n                                                      cstackBANK5  000599
efgtoa@ne                                                     cstackBANK5  000573
efgtoa@nmode                                                  cstackBANK5  00057D
efgtoa@ou                                                     cstackBANK5  000586
efgtoa@p                                                      cstackBANK5  000575
efgtoa@pp                                                     cstackBANK5  00057B
efgtoa@sign                                                   cstackBANK5  000594
efgtoa@t                                                      cstackBANK5  000577
efgtoa@u                                                      cstackBANK5  00059B
efgtoa@w                                                      cstackBANK5  000584
end_of_initialization                                         cinit        004A92
floorf@F521                                                   bssBANK6     000600
floorf@e                                                      cstackCOMRAM 00052A
floorf@m                                                      cstackCOMRAM 000526
floorf@u                                                      cstackCOMRAM 00052C
floorf@x                                                      cstackCOMRAM 00051C
fputc@c                                                       cstackCOMRAM 000505
fputc@fp                                                      cstackCOMRAM 000507
fputs@c                                                       cstackCOMRAM 000512
fputs@fp                                                      cstackCOMRAM 000510
fputs@i                                                       cstackCOMRAM 000513
fputs@s                                                       cstackCOMRAM 00050E
goto_servo@theta0_desired                                     cstackBANK5  0005C9
goto_servo@theta1_desired                                     cstackBANK5  0005CD
goto_servo@theta2_desired                                     cstackBANK5  0005D1
intlevel0                                                     text         000000
intlevel1                                                     text         000000
intlevel2                                                     text         000000
intlevel3                                                     text         000000
isa$std                                                       (abs)        000001
isa$xinst                                                     (abs)        000000
ivt0x8_base                                                   ivt0x8       000008
labs@a                                                        cstackCOMRAM 000503
memcpy@d                                                      cstackCOMRAM 000509
memcpy@d1                                                     cstackCOMRAM 000503
memcpy@n                                                      cstackCOMRAM 000507
memcpy@s                                                      cstackCOMRAM 00050B
memcpy@s1                                                     cstackCOMRAM 000505
memcpy@tmp                                                    cstackCOMRAM 00050D
pad@buf                                                       cstackCOMRAM 000517
pad@fp                                                        cstackCOMRAM 000515
pad@i                                                         cstackCOMRAM 00051C
pad@p                                                         cstackCOMRAM 000519
printf@ap                                                     cstackBANK5  0005C1
printf@fmt                                                    cstackBANK5  0005B2
putch@txData                                                  cstackCOMRAM 000504
read_prec_or_width@ap                                         cstackCOMRAM 00050B
read_prec_or_width@c                                          cstackCOMRAM 00050F
read_prec_or_width@fmt                                        cstackCOMRAM 000509
read_prec_or_width@n                                          cstackCOMRAM 000510
set0@theta0_desired                                           cstackBANK5  0005C3
set1@theta1_desired                                           cstackBANK5  0005C3
set2@theta2_desired                                           cstackBANK5  0005C3
set3@theta3_desired                                           cstackBANK5  00056C
setServoAngle@angulo                                          cstackCOMRAM 000547
setServoAngle@pwmValue                                        cstackCOMRAM 00054C
setServoAngle@servo                                           cstackCOMRAM 00054B
stackhi                                                       (abs)        000000
stacklo                                                       (abs)        000000
start                                                         init         00001A
start_initialization                                          cinit        004A28
strcpy@d                                                      cstackCOMRAM 000507
strcpy@dest                                                   cstackCOMRAM 000503
strcpy@src                                                    cstackCOMRAM 000505
vfpfcnvrt@ap                                                  cstackBANK5  0005A3
vfpfcnvrt@c                                                   cstackBANK5  0005AB
vfpfcnvrt@convarg                                             cstackBANK5  0005A7
vfpfcnvrt@cp                                                  cstackBANK5  0005AC
vfpfcnvrt@fmt                                                 cstackBANK5  0005A1
vfpfcnvrt@fp                                                  cstackBANK5  00059F
vfprintf@ap                                                   cstackBANK5  0005B0
vfprintf@cfmt                                                 cstackCOMRAM 00055B
vfprintf@fmt                                                  cstackBANK5  0005AF
vfprintf@fp                                                   cstackBANK5  0005AD


MODULE INFORMATION

Module		Function		Class		Link	Load	Size
C:\Program Files\Microchip\xc8\v2.46\pic\sources\c99\common\fltol.c
		___fltol       		CODE           	434C	0000	262

C:\Program Files\Microchip\xc8\v2.46\pic\sources\c99\common\fltol.c estimated size: 262

C:\Program Files\Microchip\xc8\v2.46\pic\sources\c99\common\printf.c
		_printf        		CODE           	5166	0000	36

C:\Program Files\Microchip\xc8\v2.46\pic\sources\c99\common\printf.c estimated size: 36

C:\Program Files\Microchip\xc8\v2.46\pic\sources\c99\common\floorf.c
		_floorf        		CODE           	38C0	0000	530

C:\Program Files\Microchip\xc8\v2.46\pic\sources\c99\common\floorf.c estimated size: 530

C:\Program Files\Microchip\xc8\v2.46\pic\sources\c99\common\nf_fputc.c
		_fputc         		CODE           	463C	0000	202

C:\Program Files\Microchip\xc8\v2.46\pic\sources\c99\common\nf_fputc.c estimated size: 202

mcc_generated_files/timer/src/timeout.c
		_timeout_initialize		CODE           	518A	0000	34

mcc_generated_files/timer/src/timeout.c estimated size: 34

C:\Program Files\Microchip\xc8\v2.46\pic\sources\c99\common\xxtofl.c
		___xxtofl      		CODE           	3CCE	0000	436

C:\Program Files\Microchip\xc8\v2.46\pic\sources\c99\common\xxtofl.c estimated size: 436

C:\Program Files\Microchip\xc8\v2.46\pic\sources\c99\common\aldiv.c
		___aldiv       		CODE           	413A	0000	268

C:\Program Files\Microchip\xc8\v2.46\pic\sources\c99\common\aldiv.c estimated size: 268

mcc_generated_files/pwm/src/pwm3_16bit.c
		_PWM3_16BIT_Period_SetInterruptHandler		CODE           	52B6	0000	10
		_PWM3_16BIT_Slice1Output1_SetInterruptHandler		CODE           	52AC	0000	10
		_PWM3_16BIT_Slice1Output2_SetInterruptHandler		CODE           	52A2	0000	10
		_PWM3_16BIT_Initialize		CODE           	4B06	0000	108
		_PWM3_16BIT_LoadBufferRegisters		CODE           	5344	0000	4
		_PWM3_16BIT_SetSlice1Output1DutyCycleRegister		CODE           	5266	0000	10
		_PWM3_16BIT_SetSlice1Output2DutyCycleRegister		CODE           	525C	0000	10

mcc_generated_files/pwm/src/pwm3_16bit.c estimated size: 162

C:\Program Files\Microchip\xc8\v2.46\pic\sources\c99\common\flneg.c
		___flneg       		CODE           	4F42	0000	56

C:\Program Files\Microchip\xc8\v2.46\pic\sources\c99\common\flneg.c estimated size: 56

mcc_generated_files/system/src/interrupt.c
		_INT0_SetInterruptHandler		CODE           	5310	0000	10
		_INT1_SetInterruptHandler		CODE           	5306	0000	10
		_INT2_SetInterruptHandler		CODE           	52FC	0000	10
		_INTERRUPT_Initialize		CODE           	4F7A	0000	54
		_INT0_DefaultInterruptHandler		CODE           	5350	0000	2
		_INT0_CallBack 		CODE           	5048	0000	46
		_INTERRUPT_InterruptManager		CODE           	5016	0000	50
		_INT0_ISR      		CODE           	5322	0000	8

mcc_generated_files/system/src/interrupt.c estimated size: 190

C:\Program Files\Microchip\xc8\v2.46\pic\sources\c99\common\__fpclassifyf.c
		___fpclassifyf 		CODE           	4452	0000	254

C:\Program Files\Microchip\xc8\v2.46\pic\sources\c99\common\__fpclassifyf.c estimated size: 254

C:\Program Files\Microchip\xc8\v2.46\pic\sources\c99\common\sprcmul.c
		___flmul       		CODE           	2418	0000	1066

C:\Program Files\Microchip\xc8\v2.46\pic\sources\c99\common\sprcmul.c estimated size: 1066

mcc_generated_files/pwm/src/pwm1_16bit.c
		_PWM1_16BIT_Period_SetInterruptHandler		CODE           	52F2	0000	10
		_PWM1_16BIT_Slice1Output1_SetInterruptHandler		CODE           	52E8	0000	10
		_PWM1_16BIT_Slice1Output2_SetInterruptHandler		CODE           	52DE	0000	10
		_PWM1_16BIT_Initialize		CODE           	4BDE	0000	108
		_PWM1_16BIT_LoadBufferRegisters		CODE           	534C	0000	4
		_PWM1_16BIT_SetSlice1Output1DutyCycleRegister		CODE           	528E	0000	10
		_PWM1_16BIT_SetSlice1Output2DutyCycleRegister		CODE           	5284	0000	10

mcc_generated_files/pwm/src/pwm1_16bit.c estimated size: 162

C:\Program Files\Microchip\xc8\v2.46\pic\sources\c99\common\strcpy.c
		_strcpy        		CODE           	4ECE	0000	60

C:\Program Files\Microchip\xc8\v2.46\pic\sources\c99\common\strcpy.c estimated size: 60

C:\Program Files\Microchip\xc8\v2.46\pic\sources\c99\common\sprcdiv.c
		___fldiv       		CODE           	2C08	0000	922

C:\Program Files\Microchip\xc8\v2.46\pic\sources\c99\common\sprcdiv.c estimated size: 922

C:\Program Files\Microchip\xc8\v2.46\pic\sources\c99\common\fleq.c
		___fleq        		CODE           	47C8	0000	170

C:\Program Files\Microchip\xc8\v2.46\pic\sources\c99\common\fleq.c estimated size: 170

mcc_generated_files/uart/src/uart1.c
		_UART1_IsTxReady		CODE           	5076	0000	42
		_UART1_Write   		CODE           	531A	0000	8
		_putch         		CODE           	51AC	0000	30
		_UART1_FramingErrorCallbackRegister		CODE           	5202	0000	28
		_UART1_OverrunErrorCallbackRegister		CODE           	51E6	0000	28
		_UART1_Initialize		CODE           	49AA	0000	126
		_UART1_ParityErrorCallbackRegister		CODE           	51CA	0000	28

mcc_generated_files/uart/src/uart1.c estimated size: 290

C:\Program Files\Microchip\xc8\v2.46\pic\sources\c99\common\doprnt.c
		_read_prec_or_width		CODE           	4706	0000	194
		_vfpfcnvrt     		CODE           	2842	0000	966
		_efgtoa        		CODE           	1568	0000	2544
		_pad           		CODE           	4A98	0000	110
		_dtoa          		CODE           	3E82	0000	426
		_vfprintf      		CODE           	4CA0	0000	80

C:\Program Files\Microchip\xc8\v2.46\pic\sources\c99\common\doprnt.c estimated size: 4320

mcc_generated_files/system/src/pins.c
		_PIN_MANAGER_Initialize		CODE           	4872	0000	168

mcc_generated_files/system/src/pins.c estimated size: 168

shared
		__initialization		CODE           	4A28	0000	106
		_UART1         		SMALLCONST     	1501	0000	48
		_Timer0        		SMALLCONST     	1531	0000	12

shared estimated size: 166

C:\Program Files\Microchip\xc8\v2.46\pic\sources\c99\common\Umul16.c
		___wmul        		CODE           	511A	0000	38

C:\Program Files\Microchip\xc8\v2.46\pic\sources\c99\common\Umul16.c estimated size: 38

C:\Program Files\Microchip\xc8\v2.46\pic\sources\c99\common\nf_fputs.c
		_fputs         		CODE           	4D86	0000	68

C:\Program Files\Microchip\xc8\v2.46\pic\sources\c99\common\nf_fputs.c estimated size: 68

C:\Program Files\Microchip\xc8\v2.46\pic\sources\c99\common\sprcadd.c
		___flsub       		CODE           	4D40	0000	70
		___fladd       		CODE           	1F58	0000	1216

C:\Program Files\Microchip\xc8\v2.46\pic\sources\c99\common\sprcadd.c estimated size: 1286

C:\Program Files\Microchip\xc8\v2.46\pic\sources\c99\common\memcpy.c
		_memcpy        		CODE           	4CF0	0000	80

C:\Program Files\Microchip\xc8\v2.46\pic\sources\c99\common\memcpy.c estimated size: 80

mcc_generated_files/system/src/clock.c
		_CLOCK_Initialize		CODE           	521E	0000	28

mcc_generated_files/system/src/clock.c estimated size: 28

C:\Program Files\Microchip\xc8\v2.46\pic\sources\c99\common\labs.c
		_labs          		CODE           	4C4A	0000	86

C:\Program Files\Microchip\xc8\v2.46\pic\sources\c99\common\labs.c estimated size: 86

C:\Program Files\Microchip\xc8\v2.46\pic\sources\c99\common\abs.c
		_abs           		CODE           	4FB0	0000	52

C:\Program Files\Microchip\xc8\v2.46\pic\sources\c99\common\abs.c estimated size: 52

mcc_generated_files/timer/src/tmr0.c
		_TMR0_OverflowCallbackRegister		CODE           	5298	0000	10
		_TMR0_Initialize		CODE           	4FE4	0000	50
		_TMR0_Stop     		CODE           	5332	0000	6
		_TMR0_Write    		CODE           	5246	0000	12
		_TMR0_Start    		CODE           	5338	0000	6

mcc_generated_files/timer/src/tmr0.c estimated size: 84

C:/Users/jhon-/MPLABXProjects/robot.X/ServoControl.c
		_detenerMovimiento		CODE           	532A	0000	8
		_goto_servo    		CODE           	4E90	0000	62
		_setServoAngle 		CODE           	402C	0000	270
		_set0          		CODE           	3452	0000	600
		_closeGate     		CODE           	50A0	0000	42
		_set1          		CODE           	31FA	0000	600
		_set2          		CODE           	2FA2	0000	600
		_set3          		CODE           	36AA	0000	534
		_openGate      		CODE           	4E4E	0000	66
		_openHand      		CODE           	50CA	0000	40
		_closeHand     		CODE           	50F2	0000	40

C:/Users/jhon-/MPLABXProjects/robot.X/ServoControl.c estimated size: 2862

main.c
		_main          		CODE           	4F0A	0000	56
		_evaluarModoActual		CODE           	491A	0000	144
		_ejecutarModoManual		CODE           	4E0C	0000	66
		_ISR_Boton     		CODE           	533E	0000	6
		_ejecutarModoAutomatico		CODE           	3AD2	0000	508
		_ejecutarModoUART		CODE           	4DCA	0000	66

main.c estimated size: 846

C:\Program Files\Microchip\xc8\v2.46\pic\sources\c99\common\almod.c
		___almod       		CODE           	4550	0000	236

C:\Program Files\Microchip\xc8\v2.46\pic\sources\c99\common\almod.c estimated size: 236

mcc_generated_files/pwm/src/pwm2_16bit.c
		_PWM2_16BIT_Period_SetInterruptHandler		CODE           	52D4	0000	10
		_PWM2_16BIT_Slice1Output1_SetInterruptHandler		CODE           	52CA	0000	10
		_PWM2_16BIT_Slice1Output2_SetInterruptHandler		CODE           	52C0	0000	10
		_PWM2_16BIT_Initialize		CODE           	4B72	0000	108
		_PWM2_16BIT_LoadBufferRegisters		CODE           	5348	0000	4
		_PWM2_16BIT_SetSlice1Output1DutyCycleRegister		CODE           	527A	0000	10
		_PWM2_16BIT_SetSlice1Output2DutyCycleRegister		CODE           	5270	0000	10

mcc_generated_files/pwm/src/pwm2_16bit.c estimated size: 162

mcc_generated_files/system/src/system.c
		_SYSTEM_Initialize		CODE           	5140	0000	38

mcc_generated_files/system/src/system.c estimated size: 38

C:\Program Files\Microchip\xc8\v2.46\pic\sources\c99\common\flge.c
		___flge        		CODE           	4246	0000	262

C:\Program Files\Microchip\xc8\v2.46\pic\sources\c99\common\flge.c estimated size: 262

