Microchip MPLAB XC8 Compiler V2.46

Linker command line:

-W-3 \
  --edf=C:\Program Files\Microchip\xc8\v2.46\pic\dat\20240104201356_en.msgs \
  -cn -h+dist/default/production\robot.X.production.sym \
  --cmf=dist/default/production\robot.X.production.cmf -z -Q18F16Q41 \
  -oC:\Users\jhon-\AppData\Local\Temp\xcAs80s.\driver_tmp_3.o \
  --defsym=__MPLAB_BUILD=1 --fixupoverflow=error \
  -Mdist/default/production/robot.X.production.map \
  --md=C:\Users\jhon-\AppData\Local\Temp\xcAs80s.\driver_tmp_0.dat -E1 \
  -ver=XC8 Compiler --acfsm=1493 -ACODE=00h-0FFFFh -ACONST=00h-0FFFFh \
  -ASMALLCONST=01500h-015FFhx235 -AMEDIUMCONST=01500h-0FFFFh \
  -ACOMRAM=0501h-055Fh -AABS1=0500h-014FFh -ABIGRAM=0501h-014FFh \
  -ARAM=0560h-05FFh,0600h-06FFhx15 -ABANK5=0560h-05FFh -ABANK6=0600h-06FFh \
  -ABANK7=0700h-07FFh -ABANK8=0800h-08FFh -ABANK9=0900h-09FFh \
  -ABANK10=0A00h-0AFFh -ABANK11=0B00h-0BFFh -ABANK12=0C00h-0CFFh \
  -ABANK13=0D00h-0DFFh -ABANK14=0E00h-0EFFh -ABANK15=0F00h-0FFFh \
  -ABANK16=01000h-010FFh -ABANK17=01100h-011FFh -ABANK18=01200h-012FFh \
  -ABANK19=01300h-013FFh -ABANK20=01400h-014FFh \
  -ASFR=00h-0FFhx4,0400h-045Fh,0460h-04FFh,01500h-015FFh \
  -ABIGSFR=00h-04FFh,01500h-015FFh -ACONFIG=0300000h-0300011h \
  -AIDLOC=0200000h-020003Fh -AEEDATA=0380000h-03801FFh -peeprom_data=EEDATA \
  -preset_vec=00h -ppowerup=CODE,init -pramtop=01500h \
  -psmallconst=SMALLCONST -pmediumconst=MEDIUMCONST -pconst=CONST \
  -AFARRAM=00h-00h \
  -prdata=COMRAM,nvrram=COMRAM,nvbit=COMRAM,rbss=COMRAM,rbit=COMRAM \
  -pfarbss=FARRAM,fardata=FARRAM,nvFARRAM=FARRAM \
  -pintsave_regs=BIGRAM,bigbss=BIGRAM,bigdata=BIGRAM -pbss=RAM \
  -pidata=CODE,irdata=CODE,ibigdata=CODE,ifardata=CODE -prparam=COMRAM \
  C:\Users\jhon-\AppData\Local\Temp\xcAs80s.\driver_tmp_14.o \
  dist/default/production\robot.X.production.o 

Object code version is 3.11

Machine type is 18F16Q41



                Name                               Link     Load   Length Selector   Space Scale
C:\Users\jhon-\AppData\Local\Temp\xcAs80s.\driver_tmp_14.o
                config                           300000   300000        9        0       4
                init                               FFFC     FFFC        4     7FFE       0
                reset_vec                             0        0        4        0       0
dist/default/production\robot.X.production.o
                config                           300000   300000        9        0       4
                smallconst                         1500     1500       5E      A80       0
                text70                             4B0E     4B0E       1C      AAF       0
                text69                             4C34     4C34        A      AAF       0
                text68                             4C2A     4C2A        A      AAF       0
                text67                             4C20     4C20        A      AAF       0
                text66                             49A6     49A6       34      AAF       0
                text65                             43AA     43AA       A4      AAF       0
                text64                             4C16     4C16        A      AAF       0
                text63                             4C0C     4C0C        A      AAF       0
                text62                             4C02     4C02        A      AAF       0
                text61                             4612     4612       6C      AAF       0
                text60                             4BF8     4BF8        A      AAF       0
                text59                             4BEE     4BEE        A      AAF       0
                text58                             4BE4     4BE4        A      AAF       0
                text57                             45A6     45A6       6C      AAF       0
                text56                             4BDA     4BDA        A      AAF       0
                text55                             4BD0     4BD0        A      AAF       0
                text54                             4BC6     4BC6        A      AAF       0
                text53                             453A     453A       6C      AAF       0
                text52                             4AF2     4AF2       1C      AAF       0
                text51                             4AD6     4AD6       1C      AAF       0
                text50                             4ABA     4ABA       1C      AAF       0
                text49                             444E     444E       7E      AAF       0
                text48                             4A9C     4A9C       1E      AAF       0
                text47                             4C4E     4C4E        4      AAF       0
                text46                             4BBC     4BBC        A      AAF       0
                text45                             4BB2     4BB2        A      AAF       0
                text44                             4C4A     4C4A        4      AAF       0
                text43                             4BA8     4BA8        A      AAF       0
                text42                             4B9E     4B9E        A      AAF       0
                text41                             4C46     4C46        4      AAF       0
                text40                             4B94     4B94        A      AAF       0
                text39                             4B8A     4B8A        A      AAF       0
                text38                             1F52     1F52      4C0      AAF       0
                text37                             283C     283C      39A      AAF       0
                text36                             2412     2412      42A      AAF       0
                text35                             3F70     3F70      106      AAF       0
                text34                             3D38     3D38      132      AAF       0
                text33                             4B5A     4B5A       18      AAF       0
                text32                             3E6A     3E6A      106      AAF       0
                text31                             4874     4874       46      AAF       0
                text30                             3B80     3B80      1B8      AAF       0
                text29                             4972     4972       34      AAF       0
                text28                             397E     397E      202      AAF       0
                text27                             4B42     4B42       18      AAF       0
                text26                             4300     4300       AA      AAF       0
                text25                             493A     493A       38      AAF       0
                text24                             4076     4076       FE      AAF       0
                text23                             376C     376C      212      AAF       0
                text22                             4732     4732       56      AAF       0
                text21                             47D8     47D8       50      AAF       0
                text20                             4A0A     4A0A       2A      AAF       0
                text19                             4C3E     4C3E        8      AAF       0
                text18                             4A7E     4A7E       1E      AAF       0
                text17                             4174     4174       CA      AAF       0
                text16                             48BA     48BA       44      AAF       0
                text15                             44CC     44CC       6E      AAF       0
                text14                             48FE     48FE       3C      AAF       0
                text13                             155E     155E      9F4      AAF       0
                text12                             4A34     4A34       26      AAF       0
                text11                             423E     423E       C2      AAF       0
                text10                             3554     3554      218      AAF       0
                text9                              4788     4788       50      AAF       0
                text8                              4A5A     4A5A       24      AAF       0
                text7                              3316     3316      23E      AAF       0
                text6                              30D8     30D8      23E      AAF       0
                text5                              2E9A     2E9A      23E      AAF       0
                text4                              46DC     46DC       56      AAF       0
                text3                              49DA     49DA       30      AAF       0
                text2                              4B2A     4B2A       18      AAF       0
                text1                              4828     4828       4C      AAF       0
                text0                              2BD6     2BD6      2C4      AAF       0
                cstackCOMRAM                        501      501       5F      501       1
                cstackBANK5                         560      560       8F      560       1
                dataBANK6                           690      690        C      600       1
                bssBANK6                            600      600       7E      600       1
                dataBANK5                           5EF      5EF        C      560       1
                bssBANK5                            5FB      5FB        5      560       1
                cinit                              467E     467E       5E      AAF       0
                nvBANK6                             67E      67E       12      600       1
                idataBANK6                         4B7E     4B7E        C      AAF       0
                idataBANK5                         4B72     4B72        C      AAF       0

TOTAL           Name                               Link     Load   Length     Space
        CLASS   CODE           
                init                               FFFC     FFFC        4         0
                reset_vec                             0        0        4         0
                text70                             4B0E     4B0E       1C         0
                text69                             4C34     4C34        A         0
                text68                             4C2A     4C2A        A         0
                text67                             4C20     4C20        A         0
                text66                             49A6     49A6       34         0
                text65                             43AA     43AA       A4         0
                text64                             4C16     4C16        A         0
                text63                             4C0C     4C0C        A         0
                text62                             4C02     4C02        A         0
                text61                             4612     4612       6C         0
                text60                             4BF8     4BF8        A         0
                text59                             4BEE     4BEE        A         0
                text58                             4BE4     4BE4        A         0
                text57                             45A6     45A6       6C         0
                text56                             4BDA     4BDA        A         0
                text55                             4BD0     4BD0        A         0
                text54                             4BC6     4BC6        A         0
                text53                             453A     453A       6C         0
                text52                             4AF2     4AF2       1C         0
                text51                             4AD6     4AD6       1C         0
                text50                             4ABA     4ABA       1C         0
                text49                             444E     444E       7E         0
                text48                             4A9C     4A9C       1E         0
                text47                             4C4E     4C4E        4         0
                text46                             4BBC     4BBC        A         0
                text45                             4BB2     4BB2        A         0
                text44                             4C4A     4C4A        4         0
                text43                             4BA8     4BA8        A         0
                text42                             4B9E     4B9E        A         0
                text41                             4C46     4C46        4         0
                text40                             4B94     4B94        A         0
                text39                             4B8A     4B8A        A         0
                text38                             1F52     1F52      4C0         0
                text37                             283C     283C      39A         0
                text36                             2412     2412      42A         0
                text35                             3F70     3F70      106         0
                text34                             3D38     3D38      132         0
                text33                             4B5A     4B5A       18         0
                text32                             3E6A     3E6A      106         0
                text31                             4874     4874       46         0
                text30                             3B80     3B80      1B8         0
                text29                             4972     4972       34         0
                text28                             397E     397E      202         0
                text27                             4B42     4B42       18         0
                text26                             4300     4300       AA         0
                text25                             493A     493A       38         0
                text24                             4076     4076       FE         0
                text23                             376C     376C      212         0
                text22                             4732     4732       56         0
                text21                             47D8     47D8       50         0
                text20                             4A0A     4A0A       2A         0
                text19                             4C3E     4C3E        8         0
                text18                             4A7E     4A7E       1E         0
                text17                             4174     4174       CA         0
                text16                             48BA     48BA       44         0
                text15                             44CC     44CC       6E         0
                text14                             48FE     48FE       3C         0
                text13                             155E     155E      9F4         0
                text12                             4A34     4A34       26         0
                text11                             423E     423E       C2         0
                text10                             3554     3554      218         0
                text9                              4788     4788       50         0
                text8                              4A5A     4A5A       24         0
                text7                              3316     3316      23E         0
                text6                              30D8     30D8      23E         0
                text5                              2E9A     2E9A      23E         0
                text4                              46DC     46DC       56         0
                text3                              49DA     49DA       30         0
                text2                              4B2A     4B2A       18         0
                text1                              4828     4828       4C         0
                text0                              2BD6     2BD6      2C4         0
                cinit                              467E     467E       5E         0
                idataBANK6                         4B7E     4B7E        C         0
                idataBANK5                         4B72     4B72        C         0

        CLASS   CONST          

        CLASS   SMALLCONST     
                smallconst                         1500     1500       5E         0

        CLASS   MEDIUMCONST    

        CLASS   COMRAM         
                cstackCOMRAM                        501      501       5F         1

        CLASS   ABS1           

        CLASS   BIGRAM         

        CLASS   RAM            

        CLASS   BANK5          
                cstackBANK5                         560      560       8F         1
                dataBANK5                           5EF      5EF        C         1
                bssBANK5                            5FB      5FB        5         1

        CLASS   BANK6          
                dataBANK6                           690      690        C         1
                bssBANK6                            600      600       7E         1
                nvBANK6                             67E      67E       12         1

        CLASS   BANK7          

        CLASS   BANK8          

        CLASS   BANK9          

        CLASS   BANK10         

        CLASS   BANK11         

        CLASS   BANK12         

        CLASS   BANK13         

        CLASS   BANK14         

        CLASS   BANK15         

        CLASS   BANK16         

        CLASS   BANK17         

        CLASS   BANK18         

        CLASS   BANK19         

        CLASS   BANK20         

        CLASS   SFR            

        CLASS   BIGSFR         

        CLASS   CONFIG         
                config                           300000   300000        9         4

        CLASS   IDLOC          

        CLASS   EEDATA         

        CLASS   FARRAM         

        CLASS   HEAP           

        CLASS   STACK          



SEGMENTS        Name                           Load    Length   Top    Selector   Space  Class

                reset_vec                      000000  000004  000004         0       0  CODE    
                cstackCOMRAM                   000501  00005F  000560       501       1  COMRAM  
                cstackBANK5                    000560  0000A0  000600       560       1  BANK5   
                bssBANK6                       000600  00009C  00069C       600       1  BANK6   
                smallconst                     001500  00005E  00155E       A80       0  SMALLCON
                text13                         00155E  0036F4  004C52       AAF       0  CODE    
                init                           00FFFC  000004  010000      7FFE       0  CODE    


UNUSED ADDRESS RANGES

        Name                Unused          Largest block    Delta
        BANK10           000A00-000AFF              100
        BANK11           000B00-000BFF              100
        BANK12           000C00-000CFF              100
        BANK13           000D00-000DFF              100
        BANK14           000E00-000EFF              100
        BANK15           000F00-000FFF              100
        BANK16           001000-0010FF              100
        BANK17           001100-0011FF              100
        BANK18           001200-0012FF              100
        BANK19           001300-0013FF              100
        BANK20           001400-0014FF              100
        BANK6            00069C-0006FF               64
        BANK7            000700-0007FF              100
        BANK8            000800-0008FF              100
        BANK9            000900-0009FF              100
        BIGRAM           00069C-0014FF              E64
        BIGSFR           000000-0004FF              500
                         001500-0015FF              100
        CODE             000004-0014FF             14FC
                         004C52-00FFFB             B3AA
        CONFIG           300009-300011                9
        CONST            000004-0014FF             14FC
                         004C52-00FFFB             B3AA
        EEDATA           380000-3801FF              200
        IDLOC            200000-20003F               40
        MEDIUMCONST      004C52-00FFFB             B3AA
        RAM              00069C-0014FF              100
        SFR              000000-0004FF              100
                         001500-0015FF              100
        SMALLCONST       004C52-00FFFB              100

                                  Symbol Table

?___fladd                                                     cstackCOMRAM 000533
?___fldiv                                                     cstackCOMRAM 000501
?___flmul                                                     cstackCOMRAM 00051A
?___flneg                                                     cstackCOMRAM 000501
?___flsub                                                     cstackCOMRAM 000543
?___fltol                                                     cstackCOMRAM 00054B
?___fpclassifyf                                               cstackCOMRAM 000501
?___wmul                                                      cstackCOMRAM 000501
?___xxtofl                                                    cstackCOMRAM 000559
?_abs                                                         cstackCOMRAM 000555
?_floorf                                                      cstackCOMRAM 00051A
?_labs                                                        cstackCOMRAM 000501
?_printf                                                      cstackBANK5  0005BC
?_read_prec_or_width                                          cstackCOMRAM 000507
?_sprintf                                                     cstackBANK5  0005BC
?_vfprintf                                                    cstackBANK5  0005B7
INT0_SetInterruptHandler@InterruptHandler                     cstackCOMRAM 000501
INT1_SetInterruptHandler@InterruptHandler                     cstackCOMRAM 000501
INT2_SetInterruptHandler@InterruptHandler                     cstackCOMRAM 000501
PWM1_16BIT_Period_SetInterruptHandler@InterruptHandler        cstackCOMRAM 000501
PWM1_16BIT_SetSlice1Output1DutyCycleRegister@registerValue    cstackCOMRAM 000501
PWM1_16BIT_SetSlice1Output2DutyCycleRegister@registerValue    cstackCOMRAM 000501
PWM1_16BIT_Slice1Output1_SetInterruptHandler@InterruptHandler cstackCOMRAM 000501
PWM1_16BIT_Slice1Output2_SetInterruptHandler@InterruptHandler cstackCOMRAM 000501
PWM2_16BIT_Period_SetInterruptHandler@InterruptHandler        cstackCOMRAM 000501
PWM2_16BIT_SetSlice1Output1DutyCycleRegister@registerValue    cstackCOMRAM 000501
PWM2_16BIT_SetSlice1Output2DutyCycleRegister@registerValue    cstackCOMRAM 000501
PWM2_16BIT_Slice1Output1_SetInterruptHandler@InterruptHandler cstackCOMRAM 000501
PWM2_16BIT_Slice1Output2_SetInterruptHandler@InterruptHandler cstackCOMRAM 000501
PWM3_16BIT_Period_SetInterruptHandler@InterruptHandler        cstackCOMRAM 000501
PWM3_16BIT_SetSlice1Output1DutyCycleRegister@registerValue    cstackCOMRAM 000501
PWM3_16BIT_SetSlice1Output2DutyCycleRegister@registerValue    cstackCOMRAM 000501
PWM3_16BIT_Slice1Output1_SetInterruptHandler@InterruptHandler cstackCOMRAM 000501
PWM3_16BIT_Slice1Output2_SetInterruptHandler@InterruptHandler cstackCOMRAM 000501
UART1_FramingErrorCallbackRegister@callbackHandler            cstackCOMRAM 000501
UART1_OverrunErrorCallbackRegister@callbackHandler            cstackCOMRAM 000501
UART1_ParityErrorCallbackRegister@callbackHandler             cstackCOMRAM 000501
UART1_Write@txData                                            cstackCOMRAM 000501
_ACTCON                                                       (abs)        0000AC
_ANSELA                                                       (abs)        000400
_ANSELB                                                       (abs)        000408
_ANSELC                                                       (abs)        000410
_CLOCK_Initialize                                             text70       004B0E
_INLVLA                                                       (abs)        000404
_INLVLB                                                       (abs)        00040C
_INLVLC                                                       (abs)        000414
_INT0_DefaultInterruptHandler                                 (abs)        000000
_INT0_InterruptHandler                                        bssBANK6     000626
_INT0_SetInterruptHandler                                     text69       004C34
_INT1_DefaultInterruptHandler                                 (abs)        000000
_INT1_InterruptHandler                                        bssBANK6     000624
_INT1_SetInterruptHandler                                     text68       004C2A
_INT2_DefaultInterruptHandler                                 (abs)        000000
_INT2_InterruptHandler                                        bssBANK6     000622
_INT2_SetInterruptHandler                                     text67       004C20
_INTCON0bits                                                  (abs)        0004D6
_INTERRUPT_Initialize                                         text66       0049A6
_IOCAF                                                        (abs)        000407
_IOCAN                                                        (abs)        000406
_IOCAP                                                        (abs)        000405
_IOCBF                                                        (abs)        00040F
_IOCBN                                                        (abs)        00040E
_IOCBP                                                        (abs)        00040D
_IOCCF                                                        (abs)        000417
_IOCCN                                                        (abs)        000416
_IOCCP                                                        (abs)        000415
_LATA                                                         (abs)        0004BE
_LATAbits                                                     (abs)        0004BE
_LATB                                                         (abs)        0004BF
_LATC                                                         (abs)        0004C0
_ODCONA                                                       (abs)        000402
_ODCONB                                                       (abs)        00040A
_ODCONC                                                       (abs)        000412
_OSCCON1                                                      (abs)        0000AD
_OSCCON3                                                      (abs)        0000AF
_OSCEN                                                        (abs)        0000B3
_OSCFRQ                                                       (abs)        0000B1
_OSCTUNE                                                      (abs)        0000B0
_PIE4bits                                                     (abs)        0004AC
_PIE5bits                                                     (abs)        0004AD
_PIE7bits                                                     (abs)        0004AF
_PIN_MANAGER_Initialize                                       text65       0043AA
_PIR10bits                                                    (abs)        0004BD
_PIR1bits                                                     (abs)        0004B4
_PIR4bits                                                     (abs)        0004B7
_PIR5bits                                                     (abs)        0004B8
_PIR6bits                                                     (abs)        0004B9
_PIR7bits                                                     (abs)        0004BA
_PWM1CLK                                                      (abs)        000461
_PWM1CON                                                      (abs)        000469
_PWM1CONbits                                                  (abs)        000469
_PWM1CPRE                                                     (abs)        000465
_PWM1ERS                                                      (abs)        000460
_PWM1GIE                                                      (abs)        000468
_PWM1GIEbits                                                  (abs)        000468
_PWM1GIR                                                      (abs)        000467
_PWM1GIRbits                                                  (abs)        000467
_PWM1LDS                                                      (abs)        000462
_PWM1PIPOS                                                    (abs)        000466
_PWM1PRH                                                      (abs)        000464
_PWM1PRL                                                      (abs)        000463
_PWM1S1CFG                                                    (abs)        00046A
_PWM1S1P1H                                                    (abs)        00046C
_PWM1S1P1L                                                    (abs)        00046B
_PWM1S1P2H                                                    (abs)        00046E
_PWM1S1P2L                                                    (abs)        00046D
_PWM1_16BIT_Initialize                                        text61       004612
_PWM1_16BIT_LoadBufferRegisters                               text47       004C4E
_PWM1_16BIT_Period_DefaultInterruptHandler                    (abs)        000000
_PWM1_16BIT_Period_InterruptHandler                           nvBANK6      00067E
_PWM1_16BIT_Period_SetInterruptHandler                        text64       004C16
_PWM1_16BIT_SetSlice1Output1DutyCycleRegister                 text46       004BBC
_PWM1_16BIT_SetSlice1Output2DutyCycleRegister                 text45       004BB2
_PWM1_16BIT_Slice1Output1_DefaultInterruptHandler             (abs)        000000
_PWM1_16BIT_Slice1Output1_InterruptHandler                    nvBANK6      000682
_PWM1_16BIT_Slice1Output1_SetInterruptHandler                 text63       004C0C
_PWM1_16BIT_Slice1Output2_DefaultInterruptHandler             (abs)        000000
_PWM1_16BIT_Slice1Output2_InterruptHandler                    nvBANK6      000680
_PWM1_16BIT_Slice1Output2_SetInterruptHandler                 text62       004C02
_PWM2CLK                                                      (abs)        000470
_PWM2CON                                                      (abs)        000478
_PWM2CONbits                                                  (abs)        000478
_PWM2CPRE                                                     (abs)        000474
_PWM2ERS                                                      (abs)        00046F
_PWM2GIE                                                      (abs)        000477
_PWM2GIEbits                                                  (abs)        000477
_PWM2GIR                                                      (abs)        000476
_PWM2GIRbits                                                  (abs)        000476
_PWM2LDS                                                      (abs)        000471
_PWM2PIPOS                                                    (abs)        000475
_PWM2PRH                                                      (abs)        000473
_PWM2PRL                                                      (abs)        000472
_PWM2S1CFG                                                    (abs)        000479
_PWM2S1P1H                                                    (abs)        00047B
_PWM2S1P1L                                                    (abs)        00047A
_PWM2S1P2H                                                    (abs)        00047D
_PWM2S1P2L                                                    (abs)        00047C
_PWM2_16BIT_Initialize                                        text57       0045A6
_PWM2_16BIT_LoadBufferRegisters                               text44       004C4A
_PWM2_16BIT_Period_DefaultInterruptHandler                    (abs)        000000
_PWM2_16BIT_Period_InterruptHandler                           nvBANK6      000684
_PWM2_16BIT_Period_SetInterruptHandler                        text60       004BF8
_PWM2_16BIT_SetSlice1Output1DutyCycleRegister                 text43       004BA8
_PWM2_16BIT_SetSlice1Output2DutyCycleRegister                 text42       004B9E
_PWM2_16BIT_Slice1Output1_DefaultInterruptHandler             (abs)        000000
_PWM2_16BIT_Slice1Output1_InterruptHandler                    nvBANK6      000688
_PWM2_16BIT_Slice1Output1_SetInterruptHandler                 text59       004BEE
_PWM2_16BIT_Slice1Output2_DefaultInterruptHandler             (abs)        000000
_PWM2_16BIT_Slice1Output2_InterruptHandler                    nvBANK6      000686
_PWM2_16BIT_Slice1Output2_SetInterruptHandler                 text58       004BE4
_PWM3CLK                                                      (abs)        00047F
_PWM3CON                                                      (abs)        000487
_PWM3CONbits                                                  (abs)        000487
_PWM3CPRE                                                     (abs)        000483
_PWM3ERS                                                      (abs)        00047E
_PWM3GIE                                                      (abs)        000486
_PWM3GIEbits                                                  (abs)        000486
_PWM3GIR                                                      (abs)        000485
_PWM3GIRbits                                                  (abs)        000485
_PWM3LDS                                                      (abs)        000480
_PWM3PIPOS                                                    (abs)        000484
_PWM3PRH                                                      (abs)        000482
_PWM3PRL                                                      (abs)        000481
_PWM3S1CFG                                                    (abs)        000488
_PWM3S1P1H                                                    (abs)        00048A
_PWM3S1P1L                                                    (abs)        000489
_PWM3S1P2H                                                    (abs)        00048C
_PWM3S1P2L                                                    (abs)        00048B
_PWM3_16BIT_Initialize                                        text53       00453A
_PWM3_16BIT_LoadBufferRegisters                               text41       004C46
_PWM3_16BIT_Period_DefaultInterruptHandler                    (abs)        000000
_PWM3_16BIT_Period_InterruptHandler                           nvBANK6      00068A
_PWM3_16BIT_Period_SetInterruptHandler                        text56       004BDA
_PWM3_16BIT_SetSlice1Output1DutyCycleRegister                 text40       004B94
_PWM3_16BIT_SetSlice1Output2DutyCycleRegister                 text39       004B8A
_PWM3_16BIT_Slice1Output1_DefaultInterruptHandler             (abs)        000000
_PWM3_16BIT_Slice1Output1_InterruptHandler                    nvBANK6      00068E
_PWM3_16BIT_Slice1Output1_SetInterruptHandler                 text55       004BD0
_PWM3_16BIT_Slice1Output2_DefaultInterruptHandler             (abs)        000000
_PWM3_16BIT_Slice1Output2_InterruptHandler                    nvBANK6      00068C
_PWM3_16BIT_Slice1Output2_SetInterruptHandler                 text54       004BC6
_RB4I2C                                                       (abs)        000287
_RB4PPS                                                       (abs)        00020D
_RB6I2C                                                       (abs)        000286
_RB6PPS                                                       (abs)        00020F
_RB7PPS                                                       (abs)        000210
_RC4PPS                                                       (abs)        000215
_RC5PPS                                                       (abs)        000216
_RC6PPS                                                       (abs)        000217
_RC7PPS                                                       (abs)        000218
_SLRCONA                                                      (abs)        000403
_SLRCONB                                                      (abs)        00040B
_SLRCONC                                                      (abs)        000413
_SYSTEM_Initialize                                            text48       004A9C
_TRISA                                                        (abs)        0004C6
_TRISB                                                        (abs)        0004C7
_TRISC                                                        (abs)        0004C8
_U1BRGH                                                       (abs)        0002AF
_U1BRGL                                                       (abs)        0002AE
_U1CON0                                                       (abs)        0002AB
_U1CON0bits                                                   (abs)        0002AB
_U1CON1                                                       (abs)        0002AC
_U1CON1bits                                                   (abs)        0002AC
_U1CON2                                                       (abs)        0002AD
_U1ERRIE                                                      (abs)        0002B3
_U1ERRIR                                                      (abs)        0002B2
_U1ERRIRbits                                                  (abs)        0002B2
_U1FIFO                                                       (abs)        0002B0
_U1FIFObits                                                   (abs)        0002B0
_U1P1H                                                        (abs)        0002A6
_U1P1L                                                        (abs)        0002A5
_U1P2H                                                        (abs)        0002A8
_U1P2L                                                        (abs)        0002A7
_U1P3H                                                        (abs)        0002AA
_U1P3L                                                        (abs)        0002A9
_U1RXB                                                        (abs)        0002A1
_U1RXCHK                                                      (abs)        0002A2
_U1RXPPS                                                      (abs)        000272
_U1TXB                                                        (abs)        0002A3
_U1TXCHK                                                      (abs)        0002A4
_U1UIR                                                        (abs)        0002B1
_U1UIRbits                                                    (abs)        0002B1
_UART1                                                        smallconst   001501
_UART1_AutoBaudQuery                                          (abs)        000000
_UART1_AutoBaudSet                                            (abs)        000000
_UART1_DefaultFramingErrorCallback                            (abs)        000000
_UART1_DefaultOverrunErrorCallback                            (abs)        000000
_UART1_DefaultParityErrorCallback                             (abs)        000000
_UART1_Deinitialize                                           (abs)        000000
_UART1_ErrorGet                                               (abs)        000000
_UART1_FramingErrorCallbackRegister                           text52       004AF2
_UART1_FramingErrorHandler                                    bssBANK6     00061E
_UART1_Initialize                                             text49       00444E
_UART1_IsRxReady                                              (abs)        000000
_UART1_IsTxDone                                               (abs)        000000
_UART1_IsTxReady                                              text20       004A0A
_UART1_IsTxReady$1407                                         cstackCOMRAM 000501
_UART1_OverrunErrorCallbackRegister                           text51       004AD6
_UART1_OverrunErrorHandler                                    bssBANK6     00061C
_UART1_ParityErrorCallbackRegister                            text50       004ABA
_UART1_ParityErrorHandler                                     bssBANK6     00061A
_UART1_Read                                                   (abs)        000000
_UART1_TransmitDisable                                        (abs)        000000
_UART1_TransmitEnable                                         (abs)        000000
_UART1_Write                                                  text19       004C3E
_WPUA                                                         (abs)        000401
_WPUB                                                         (abs)        000409
_WPUC                                                         (abs)        000411
__HRAM                                                        (abs)        000000
__H__absolute__                                               __absolute__ 000000
__Habs1                                                       abs1         000000
__Hbank10                                                     bank10       000000
__Hbank11                                                     bank11       000000
__Hbank12                                                     bank12       000000
__Hbank13                                                     bank13       000000
__Hbank14                                                     bank14       000000
__Hbank15                                                     bank15       000000
__Hbank16                                                     bank16       000000
__Hbank17                                                     bank17       000000
__Hbank18                                                     bank18       000000
__Hbank19                                                     bank19       000000
__Hbank20                                                     bank20       000000
__Hbank5                                                      bank5        000000
__Hbank6                                                      bank6        000000
__Hbank7                                                      bank7        000000
__Hbank8                                                      bank8        000000
__Hbank9                                                      bank9        000000
__Hbigbss                                                     bigbss       000000
__Hbigdata                                                    bigdata      000000
__Hbigram                                                     bigram       000000
__Hbigsfr                                                     bigsfr       000000
__Hbss                                                        bss          000000
__HbssBANK5                                                   bssBANK5     000000
__HbssBANK6                                                   bssBANK6     000000
__Hcinit                                                      cinit        000000
__Hclrtext                                                    clrtext      000000
__Hcomram                                                     comram       000000
__Hconfig                                                     config       300009
__Hconst                                                      const        000000
__HcstackBANK5                                                cstackBANK5  000000
__HcstackCOMRAM                                               cstackCOMRAM 000000
__Hdata                                                       data         000000
__HdataBANK5                                                  dataBANK5    000000
__HdataBANK6                                                  dataBANK6    000000
__Heeprom_data                                                eeprom_data  000000
__Hfarbss                                                     farbss       000000
__Hfardata                                                    fardata      000000
__Hheap                                                       heap         000000
__Hibigdata                                                   ibigdata     000000
__Hidata                                                      idata        000000
__HidataBANK5                                                 idataBANK5   000000
__HidataBANK6                                                 idataBANK6   000000
__Hidloc                                                      idloc        000000
__Hifardata                                                   ifardata     000000
__Hinit                                                       init         010000
__Hintsave_regs                                               intsave_regs 000000
__Hirdata                                                     irdata       000000
__Hmediumconst                                                mediumconst  000000
__HnvBANK6                                                    nvBANK6      000000
__HnvFARRAM                                                   nvFARRAM     000000
__Hnvbit                                                      nvbit        000000
__Hnvrram                                                     nvrram       000000
__Hparam                                                      rparam       000000
__Hpowerup                                                    powerup      000000
__Hram                                                        ram          000000
__Hramtop                                                     ramtop       001500
__Hrbit                                                       rbit         000000
__Hrbss                                                       rbss         000000
__Hrdata                                                      rdata        000000
__Hreset_vec                                                  reset_vec    000004
__Hrparam                                                     rparam       000000
__Hsfr                                                        sfr          000000
__Hsmallconst                                                 smallconst   00155E
__Hspace_0                                                    (abs)        010000
__Hspace_1                                                    (abs)        00069C
__Hspace_2                                                    (abs)        000000
__Hspace_4                                                    (abs)        600009
__Hstack                                                      stack        000000
__Hstruct                                                     struct       000000
__Htemp                                                       temp         000000
__Htext                                                       text         000000
__Htext0                                                      text0        000000
__Htext1                                                      text1        000000
__Htext10                                                     text10       000000
__Htext11                                                     text11       000000
__Htext12                                                     text12       000000
__Htext13                                                     text13       000000
__Htext14                                                     text14       000000
__Htext15                                                     text15       000000
__Htext16                                                     text16       000000
__Htext17                                                     text17       000000
__Htext18                                                     text18       000000
__Htext19                                                     text19       000000
__Htext2                                                      text2        000000
__Htext20                                                     text20       000000
__Htext21                                                     text21       000000
__Htext22                                                     text22       000000
__Htext23                                                     text23       000000
__Htext24                                                     text24       000000
__Htext25                                                     text25       000000
__Htext26                                                     text26       000000
__Htext27                                                     text27       000000
__Htext28                                                     text28       000000
__Htext29                                                     text29       000000
__Htext3                                                      text3        000000
__Htext30                                                     text30       000000
__Htext31                                                     text31       000000
__Htext32                                                     text32       000000
__Htext33                                                     text33       000000
__Htext34                                                     text34       000000
__Htext35                                                     text35       000000
__Htext36                                                     text36       000000
__Htext37                                                     text37       000000
__Htext38                                                     text38       000000
__Htext39                                                     text39       000000
__Htext4                                                      text4        000000
__Htext40                                                     text40       000000
__Htext41                                                     text41       000000
__Htext42                                                     text42       000000
__Htext43                                                     text43       000000
__Htext44                                                     text44       000000
__Htext45                                                     text45       000000
__Htext46                                                     text46       000000
__Htext47                                                     text47       000000
__Htext48                                                     text48       000000
__Htext49                                                     text49       000000
__Htext5                                                      text5        000000
__Htext50                                                     text50       000000
__Htext51                                                     text51       000000
__Htext52                                                     text52       000000
__Htext53                                                     text53       000000
__Htext54                                                     text54       000000
__Htext55                                                     text55       000000
__Htext56                                                     text56       000000
__Htext57                                                     text57       000000
__Htext58                                                     text58       000000
__Htext59                                                     text59       000000
__Htext6                                                      text6        000000
__Htext60                                                     text60       000000
__Htext61                                                     text61       000000
__Htext62                                                     text62       000000
__Htext63                                                     text63       000000
__Htext64                                                     text64       000000
__Htext65                                                     text65       000000
__Htext66                                                     text66       000000
__Htext67                                                     text67       000000
__Htext68                                                     text68       000000
__Htext69                                                     text69       000000
__Htext7                                                      text7        000000
__Htext70                                                     text70       000000
__Htext8                                                      text8        000000
__Htext9                                                      text9        000000
__LRAM                                                        (abs)        000001
__L__absolute__                                               __absolute__ 000000
__Labs1                                                       abs1         000000
__Lbank10                                                     bank10       000000
__Lbank11                                                     bank11       000000
__Lbank12                                                     bank12       000000
__Lbank13                                                     bank13       000000
__Lbank14                                                     bank14       000000
__Lbank15                                                     bank15       000000
__Lbank16                                                     bank16       000000
__Lbank17                                                     bank17       000000
__Lbank18                                                     bank18       000000
__Lbank19                                                     bank19       000000
__Lbank20                                                     bank20       000000
__Lbank5                                                      bank5        000000
__Lbank6                                                      bank6        000000
__Lbank7                                                      bank7        000000
__Lbank8                                                      bank8        000000
__Lbank9                                                      bank9        000000
__Lbigbss                                                     bigbss       000000
__Lbigdata                                                    bigdata      000000
__Lbigram                                                     bigram       000000
__Lbigsfr                                                     bigsfr       000000
__Lbss                                                        bss          000000
__LbssBANK5                                                   bssBANK5     000000
__LbssBANK6                                                   bssBANK6     000000
__Lcinit                                                      cinit        000000
__Lclrtext                                                    clrtext      000000
__Lcomram                                                     comram       000000
__Lconfig                                                     config       000000
__Lconst                                                      const        000000
__LcstackBANK5                                                cstackBANK5  000000
__LcstackCOMRAM                                               cstackCOMRAM 000000
__Ldata                                                       data         000000
__LdataBANK5                                                  dataBANK5    000000
__LdataBANK6                                                  dataBANK6    000000
__Leeprom_data                                                eeprom_data  000000
__Lfarbss                                                     farbss       000000
__Lfardata                                                    fardata      000000
__Lheap                                                       heap         000000
__Libigdata                                                   ibigdata     000000
__Lidata                                                      idata        000000
__LidataBANK5                                                 idataBANK5   000000
__LidataBANK6                                                 idataBANK6   000000
__Lidloc                                                      idloc        000000
__Lifardata                                                   ifardata     000000
__Linit                                                       init         00FFFC
__Lintsave_regs                                               intsave_regs 000000
__Lirdata                                                     irdata       000000
__Lmediumconst                                                mediumconst  000000
__LnvBANK6                                                    nvBANK6      000000
__LnvFARRAM                                                   nvFARRAM     000000
__Lnvbit                                                      nvbit        000000
__Lnvrram                                                     nvrram       000000
__Lparam                                                      rparam       000000
__Lpowerup                                                    powerup      000000
__Lram                                                        ram          000000
__Lramtop                                                     ramtop       001500
__Lrbit                                                       rbit         000000
__Lrbss                                                       rbss         000000
__Lrdata                                                      rdata        000000
__Lreset_vec                                                  reset_vec    000000
__Lrparam                                                     rparam       000000
__Lsfr                                                        sfr          000000
__Lsmallconst                                                 smallconst   001500
__Lspace_0                                                    (abs)        000000
__Lspace_1                                                    (abs)        000000
__Lspace_2                                                    (abs)        000000
__Lspace_4                                                    (abs)        000000
__Lstack                                                      stack        000000
__Lstruct                                                     struct       000000
__Ltemp                                                       temp         000000
__Ltext                                                       text         000000
__Ltext0                                                      text0        000000
__Ltext1                                                      text1        000000
__Ltext10                                                     text10       000000
__Ltext11                                                     text11       000000
__Ltext12                                                     text12       000000
__Ltext13                                                     text13       000000
__Ltext14                                                     text14       000000
__Ltext15                                                     text15       000000
__Ltext16                                                     text16       000000
__Ltext17                                                     text17       000000
__Ltext18                                                     text18       000000
__Ltext19                                                     text19       000000
__Ltext2                                                      text2        000000
__Ltext20                                                     text20       000000
__Ltext21                                                     text21       000000
__Ltext22                                                     text22       000000
__Ltext23                                                     text23       000000
__Ltext24                                                     text24       000000
__Ltext25                                                     text25       000000
__Ltext26                                                     text26       000000
__Ltext27                                                     text27       000000
__Ltext28                                                     text28       000000
__Ltext29                                                     text29       000000
__Ltext3                                                      text3        000000
__Ltext30                                                     text30       000000
__Ltext31                                                     text31       000000
__Ltext32                                                     text32       000000
__Ltext33                                                     text33       000000
__Ltext34                                                     text34       000000
__Ltext35                                                     text35       000000
__Ltext36                                                     text36       000000
__Ltext37                                                     text37       000000
__Ltext38                                                     text38       000000
__Ltext39                                                     text39       000000
__Ltext4                                                      text4        000000
__Ltext40                                                     text40       000000
__Ltext41                                                     text41       000000
__Ltext42                                                     text42       000000
__Ltext43                                                     text43       000000
__Ltext44                                                     text44       000000
__Ltext45                                                     text45       000000
__Ltext46                                                     text46       000000
__Ltext47                                                     text47       000000
__Ltext48                                                     text48       000000
__Ltext49                                                     text49       000000
__Ltext5                                                      text5        000000
__Ltext50                                                     text50       000000
__Ltext51                                                     text51       000000
__Ltext52                                                     text52       000000
__Ltext53                                                     text53       000000
__Ltext54                                                     text54       000000
__Ltext55                                                     text55       000000
__Ltext56                                                     text56       000000
__Ltext57                                                     text57       000000
__Ltext58                                                     text58       000000
__Ltext59                                                     text59       000000
__Ltext6                                                      text6        000000
__Ltext60                                                     text60       000000
__Ltext61                                                     text61       000000
__Ltext62                                                     text62       000000
__Ltext63                                                     text63       000000
__Ltext64                                                     text64       000000
__Ltext65                                                     text65       000000
__Ltext66                                                     text66       000000
__Ltext67                                                     text67       000000
__Ltext68                                                     text68       000000
__Ltext69                                                     text69       000000
__Ltext7                                                      text7        000000
__Ltext70                                                     text70       000000
__Ltext8                                                      text8        000000
__Ltext9                                                      text9        000000
__S0                                                          (abs)        010000
__S1                                                          (abs)        00069C
__S4                                                          (abs)        000000
__S5                                                          (abs)        000000
___fladd                                                      text38       001F52
___fladd@a                                                    cstackCOMRAM 000537
___fladd@aexp                                                 cstackCOMRAM 000540
___fladd@b                                                    cstackCOMRAM 000533
___fladd@bexp                                                 cstackCOMRAM 000541
___fladd@grs                                                  cstackCOMRAM 000542
___fladd@signs                                                cstackCOMRAM 00053F
___fldiv                                                      text37       00283C
___fldiv@a                                                    cstackCOMRAM 000505
___fldiv@aexp                                                 cstackCOMRAM 000519
___fldiv@b                                                    cstackCOMRAM 000501
___fldiv@bexp                                                 cstackCOMRAM 000518
___fldiv@grs                                                  cstackCOMRAM 000514
___fldiv@new_exp                                              cstackCOMRAM 000512
___fldiv@rem                                                  cstackCOMRAM 00050D
___fldiv@sign                                                 cstackCOMRAM 000511
___fleq                                                       text26       004300
___fleq@ff1                                                   cstackCOMRAM 000501
___fleq@ff2                                                   cstackCOMRAM 000505
___flge                                                       text32       003E6A
___flge@ff1                                                   cstackBANK5  00056A
___flge@ff2                                                   cstackBANK5  00056E
___flmul                                                      text36       002412
___flmul@a                                                    cstackCOMRAM 00051E
___flmul@aexp                                                 cstackCOMRAM 00052B
___flmul@b                                                    cstackCOMRAM 00051A
___flmul@bexp                                                 cstackCOMRAM 00052C
___flmul@grs                                                  cstackCOMRAM 000527
___flmul@prod                                                 cstackCOMRAM 00052D
___flmul@sign                                                 cstackCOMRAM 000526
___flmul@temp                                                 cstackCOMRAM 000531
___flneg                                                      text25       00493A
___flneg@f1                                                   cstackCOMRAM 000501
___flsub                                                      text31       004874
___flsub@a                                                    cstackCOMRAM 000547
___flsub@b                                                    cstackCOMRAM 000543
___fltol                                                      text35       003F70
___fltol@exp1                                                 cstackCOMRAM 000554
___fltol@f1                                                   cstackCOMRAM 00054B
___fltol@sign1                                                cstackCOMRAM 000553
___fpclassifyf                                                text24       004076
___fpclassifyf@F465                                           bssBANK6     00060A
___fpclassifyf@e                                              cstackCOMRAM 000509
___fpclassifyf@u                                              cstackCOMRAM 00050B
___fpclassifyf@x                                              cstackCOMRAM 000501
___heap_hi                                                    (abs)        000000
___heap_lo                                                    (abs)        000000
___inthi_sp                                                   stack        000000
___inthi_stack_hi                                             stack        000000
___inthi_stack_lo                                             stack        000000
___intlo_sp                                                   stack        000000
___intlo_stack_hi                                             stack        000000
___intlo_stack_lo                                             stack        000000
___param_bank                                                 (abs)        000000
___rparam_used                                                (abs)        000001
___sp                                                         stack        000000
___stack_hi                                                   stack        000000
___stack_lo                                                   stack        000000
___wmul                                                       text12       004A34
___wmul@multiplicand                                          cstackCOMRAM 000503
___wmul@multiplier                                            cstackCOMRAM 000501
___wmul@product                                               cstackCOMRAM 000505
___xxtofl                                                     text30       003B80
___xxtofl@arg                                                 cstackBANK5  000566
___xxtofl@exp                                                 cstackBANK5  000565
___xxtofl@sign                                                cstackBANK5  000564
___xxtofl@val                                                 cstackCOMRAM 000559
__accesstop                                                   (abs)        000560
__activetblptr                                                (abs)        000003
__end_of_CLOCK_Initialize                                     text70       004B2A
__end_of_INT0_SetInterruptHandler                             text69       004C3E
__end_of_INT1_SetInterruptHandler                             text68       004C34
__end_of_INT2_SetInterruptHandler                             text67       004C2A
__end_of_INTERRUPT_Initialize                                 text66       0049DA
__end_of_PIN_MANAGER_Initialize                               text65       00444E
__end_of_PWM1_16BIT_Initialize                                text61       00467E
__end_of_PWM1_16BIT_LoadBufferRegisters                       text47       004C52
__end_of_PWM1_16BIT_Period_SetInterruptHandler                text64       004C20
__end_of_PWM1_16BIT_SetSlice1Output1DutyCycleRegister         text46       004BC6
__end_of_PWM1_16BIT_SetSlice1Output2DutyCycleRegister         text45       004BBC
__end_of_PWM1_16BIT_Slice1Output1_SetInterruptHandler         text63       004C16
__end_of_PWM1_16BIT_Slice1Output2_SetInterruptHandler         text62       004C0C
__end_of_PWM2_16BIT_Initialize                                text57       004612
__end_of_PWM2_16BIT_LoadBufferRegisters                       text44       004C4E
__end_of_PWM2_16BIT_Period_SetInterruptHandler                text60       004C02
__end_of_PWM2_16BIT_SetSlice1Output1DutyCycleRegister         text43       004BB2
__end_of_PWM2_16BIT_SetSlice1Output2DutyCycleRegister         text42       004BA8
__end_of_PWM2_16BIT_Slice1Output1_SetInterruptHandler         text59       004BF8
__end_of_PWM2_16BIT_Slice1Output2_SetInterruptHandler         text58       004BEE
__end_of_PWM3_16BIT_Initialize                                text53       0045A6
__end_of_PWM3_16BIT_LoadBufferRegisters                       text41       004C4A
__end_of_PWM3_16BIT_Period_SetInterruptHandler                text56       004BE4
__end_of_PWM3_16BIT_SetSlice1Output1DutyCycleRegister         text40       004B9E
__end_of_PWM3_16BIT_SetSlice1Output2DutyCycleRegister         text39       004B94
__end_of_PWM3_16BIT_Slice1Output1_SetInterruptHandler         text55       004BDA
__end_of_PWM3_16BIT_Slice1Output2_SetInterruptHandler         text54       004BD0
__end_of_SYSTEM_Initialize                                    text48       004ABA
__end_of_UART1                                                smallconst   001531
__end_of_UART1_FramingErrorCallbackRegister                   text52       004B0E
__end_of_UART1_Initialize                                     text49       0044CC
__end_of_UART1_IsTxReady                                      text20       004A34
__end_of_UART1_OverrunErrorCallbackRegister                   text51       004AF2
__end_of_UART1_ParityErrorCallbackRegister                    text50       004AD6
__end_of_UART1_Write                                          text19       004C46
__end_of___fladd                                              text38       002412
__end_of___fldiv                                              text37       002BD6
__end_of___fleq                                               text26       0043AA
__end_of___flge                                               text32       003F70
__end_of___flmul                                              text36       00283C
__end_of___flneg                                              text25       004972
__end_of___flsub                                              text31       0048BA
__end_of___fltol                                              text35       004076
__end_of___fpclassifyf                                        text24       004174
__end_of___wmul                                               text12       004A5A
__end_of___xxtofl                                             text30       003D38
__end_of__initialization                                      cinit        0046D6
__end_of_abs                                                  text29       0049A6
__end_of_closeGate                                            text33       004B72
__end_of_closeHand                                            text27       004B5A
__end_of_efgtoa                                               text13       001F52
__end_of_floorf                                               text23       00397E
__end_of_fputc                                                text17       00423E
__end_of_fputs                                                text16       0048FE
__end_of_goto_servo                                           text4        004732
__end_of_labs                                                 text22       004788
__end_of_main                                                 text0        002E9A
__end_of_memcpy                                               text21       004828
__end_of_openGate                                             text3        004A0A
__end_of_openHand                                             text2        004B42
__end_of_pad                                                  text15       00453A
__end_of_printf                                               text8        004A7E
__end_of_putch                                                text18       004A9C
__end_of_read_prec_or_width                                   text11       004300
__end_of_set0                                                 text7        003554
__end_of_set1                                                 text6        003316
__end_of_set2                                                 text5        0030D8
__end_of_set3                                                 text28       003B80
__end_of_setServoAngle                                        text34       003E6A
__end_of_sprintf                                              text1        004874
__end_of_strcpy                                               text14       00493A
__end_of_tm1637ByteSetAddr                                    smallconst   00153E
__end_of_tm1637ByteSetData                                    smallconst   00153F
__end_of_tm1637ByteSetOff                                     smallconst   00153C
__end_of_tm1637ByteSetOn                                      smallconst   00153D
__end_of_tm1637DisplayNumtoSeg                                smallconst   00153B
__end_of_vfpfcnvrt                                            text10       00376C
__end_of_vfprintf                                             text9        0047D8
__initialization                                              cinit        00467E
__mediumconst                                                 mediumconst  000000
__pbssBANK5                                                   bssBANK5     0005FB
__pbssBANK6                                                   bssBANK6     000600
__pcinit                                                      cinit        00467E
__pcstackBANK5                                                cstackBANK5  000560
__pcstackCOMRAM                                               cstackCOMRAM 000501
__pdataBANK5                                                  dataBANK5    0005EF
__pdataBANK6                                                  dataBANK6    000690
__pidataBANK5                                                 idataBANK5   004B72
__pidataBANK6                                                 idataBANK6   004B7E
__pnvBANK6                                                    nvBANK6      00067E
__psmallconst                                                 smallconst   001500
__ptext0                                                      text0        002BD6
__ptext1                                                      text1        004828
__ptext10                                                     text10       003554
__ptext11                                                     text11       00423E
__ptext12                                                     text12       004A34
__ptext13                                                     text13       00155E
__ptext14                                                     text14       0048FE
__ptext15                                                     text15       0044CC
__ptext16                                                     text16       0048BA
__ptext17                                                     text17       004174
__ptext18                                                     text18       004A7E
__ptext19                                                     text19       004C3E
__ptext2                                                      text2        004B2A
__ptext20                                                     text20       004A0A
__ptext21                                                     text21       0047D8
__ptext22                                                     text22       004732
__ptext23                                                     text23       00376C
__ptext24                                                     text24       004076
__ptext25                                                     text25       00493A
__ptext26                                                     text26       004300
__ptext27                                                     text27       004B42
[...]
_dbuf                                                         bssBANK6     00062E
_decimalPointPos                                              bssBANK6     00062B
_efgtoa                                                       text13       00155E
_efgtoa$2214                                                  cstackBANK5  000583
_flags                                                        bssBANK6     000628
_floorf                                                       text23       00376C
_fputc                                                        text17       004174
_fputs                                                        text16       0048BA
_goto_servo                                                   text4        0046DC
_labs                                                         text22       004732
_ldgZeroBlanking                                              bssBANK6     00062A
_main                                                         text0        002BD6
_memcpy                                                       text21       0047D8
_openGate                                                     text3        0049DA
_openHand                                                     text2        004B2A
_pad                                                          text15       0044CC
_portLatch                                                    bssBANK6     000618
_portPins                                                     bssBANK6     000616
_portTris                                                     bssBANK5     0005FB
_prec                                                         bssBANK6     000614
_printf                                                       text8        004A5A
_putch                                                        text18       004A7E
_read_prec_or_width                                           text11       00423E
_reorderDigits                                                bssBANK6     000629
_set0                                                         text7        003316
_set1                                                         text6        0030D8
_set2                                                         text5        002E9A
_set3                                                         text28       00397E
_setServoAngle                                                text34       003D38
_sprintf                                                      text1        004828
_strcpy                                                       text14       0048FE
_theta0                                                       dataBANK5    0005F7
_theta1                                                       dataBANK5    0005F3
_theta2                                                       dataBANK5    0005EF
_theta3                                                       bssBANK6     00060E
_tm1637Brightness                                             bssBANK6     00062C
_tm1637Data                                                   dataBANK6    000696
_tm1637DisplayNumtoSeg                                        smallconst   001531
_tm1637MaxDigits                                              bssBANK5     0005FD
_tm1637RightDigit                                             bssBANK6     00062D
_tm1637clkTrisBit                                             bssBANK5     0005FE
_tm1637dioTrisBit                                             bssBANK5     0005FF
_uart1RxLastError                                             bssBANK6     000620
_vfpfcnvrt                                                    text10       003554
_vfprintf                                                     text9        004788
_width                                                        bssBANK6     000612
abs@a                                                         cstackCOMRAM 000555
efgtoa@c                                                      cstackBANK5  00057C
efgtoa@d                                                      cstackBANK5  000588
efgtoa@e                                                      cstackBANK5  00058C
efgtoa@f                                                      cstackBANK5  000578
efgtoa@fp                                                     cstackBANK5  000576
efgtoa@g                                                      cstackBANK5  0005A1
efgtoa@h                                                      cstackBANK5  000596
efgtoa@i                                                      cstackBANK5  000594
efgtoa@l                                                      cstackBANK5  00059A
efgtoa@m                                                      cstackBANK5  00058A
efgtoa@mode                                                   cstackBANK5  000586
efgtoa@n                                                      cstackBANK5  00059F
efgtoa@ne                                                     cstackBANK5  00057D
efgtoa@nmode                                                  cstackBANK5  000587
efgtoa@ou                                                     cstackBANK5  000590
efgtoa@p                                                      cstackBANK5  00057F
efgtoa@pp                                                     cstackBANK5  000585
efgtoa@sign                                                   cstackBANK5  00059E
efgtoa@t                                                      cstackBANK5  000581
efgtoa@u                                                      cstackBANK5  0005A5
efgtoa@w                                                      cstackBANK5  00058E
end_of_initialization                                         cinit        0046D6
floorf@F521                                                   bssBANK6     000606
floorf@e                                                      cstackCOMRAM 000528
floorf@m                                                      cstackCOMRAM 000524
floorf@u                                                      cstackCOMRAM 00052A
floorf@x                                                      cstackCOMRAM 00051A
fputc@c                                                       cstackCOMRAM 000503
fputc@fp                                                      cstackCOMRAM 000505
fputs@c                                                       cstackCOMRAM 000510
fputs@fp                                                      cstackCOMRAM 00050E
fputs@i                                                       cstackCOMRAM 000511
fputs@s                                                       cstackCOMRAM 00050C
goto_servo@theta0_desired                                     cstackBANK5  0005D1
goto_servo@theta1_desired                                     cstackBANK5  0005D5
goto_servo@theta2_desired                                     cstackBANK5  0005D9
intlevel0                                                     text         000000
intlevel1                                                     text         000000
intlevel2                                                     text         000000
intlevel3                                                     text         000000
isa$std                                                       (abs)        000001
isa$xinst                                                     (abs)        000000
labs@a                                                        cstackCOMRAM 000501
main@theta0_str                                               cstackBANK5  0005E0
main@theta1_str                                               cstackBANK5  0005E5
main@theta2_str                                               cstackBANK5  0005EA
memcpy@d                                                      cstackCOMRAM 000507
memcpy@d1                                                     cstackCOMRAM 000501
memcpy@n                                                      cstackCOMRAM 000505
memcpy@s                                                      cstackCOMRAM 000509
memcpy@s1                                                     cstackCOMRAM 000503
memcpy@tmp                                                    cstackCOMRAM 00050B
pad@buf                                                       cstackCOMRAM 000515
pad@fp                                                        cstackCOMRAM 000513
pad@i                                                         cstackCOMRAM 00051A
pad@p                                                         cstackCOMRAM 000517
printf@ap                                                     cstackBANK5  0005C9
printf@fmt                                                    cstackBANK5  0005BC
putch@txData                                                  cstackCOMRAM 000502
read_prec_or_width@ap                                         cstackCOMRAM 000509
read_prec_or_width@c                                          cstackCOMRAM 00050D
read_prec_or_width@fmt                                        cstackCOMRAM 000507
read_prec_or_width@n                                          cstackCOMRAM 00050E
set0@theta0_desired                                           cstackBANK5  0005CB
set1@theta1_desired                                           cstackBANK5  0005CB
set2@theta2_desired                                           cstackBANK5  0005CB
set3@theta3_desired                                           cstackBANK5  000576
setServoAngle@angulo                                          cstackCOMRAM 000555
setServoAngle@pwmValue                                        cstackCOMRAM 00055A
setServoAngle@servo                                           cstackCOMRAM 000559
sprintf@ap                                                    cstackBANK5  0005C3
sprintf@f                                                     cstackBANK5  0005C5
sprintf@fmt                                                   cstackBANK5  0005BE
sprintf@s                                                     cstackBANK5  0005BC
stackhi                                                       (abs)        000000
stacklo                                                       (abs)        000000
start                                                         init         00FFFC
start_initialization                                          cinit        00467E
strcpy@d                                                      cstackCOMRAM 000505
strcpy@dest                                                   cstackCOMRAM 000501
strcpy@src                                                    cstackCOMRAM 000503
tm1637UpdateDisplay@F13594                                    dataBANK6    000690
vfpfcnvrt@ap                                                  cstackBANK5  0005AD
vfpfcnvrt@c                                                   cstackBANK5  0005B5
vfpfcnvrt@convarg                                             cstackBANK5  0005B1
vfpfcnvrt@cp                                                  cstackBANK5  0005B6
vfpfcnvrt@fmt                                                 cstackBANK5  0005AB
vfpfcnvrt@fp                                                  cstackBANK5  0005A9
vfprintf@ap                                                   cstackBANK5  0005BA
vfprintf@cfmt                                                 cstackCOMRAM 00055F
vfprintf@fmt                                                  cstackBANK5  0005B9
vfprintf@fp                                                   cstackBANK5  0005B7


MODULE INFORMATION

Module		Function		Class		Link	Load	Size
C:\Program Files\Microchip\xc8\v2.46\pic\sources\c99\common\fltol.c
		___fltol       		CODE           	3F70	0000	262

C:\Program Files\Microchip\xc8\v2.46\pic\sources\c99\common\fltol.c estimated size: 262

C:\Program Files\Microchip\xc8\v2.46\pic\sources\c99\common\printf.c
		_printf        		CODE           	4A5A	0000	36

C:\Program Files\Microchip\xc8\v2.46\pic\sources\c99\common\printf.c estimated size: 36

C:\Program Files\Microchip\xc8\v2.46\pic\sources\c99\common\floorf.c
		_floorf        		CODE           	376C	0000	530

C:\Program Files\Microchip\xc8\v2.46\pic\sources\c99\common\floorf.c estimated size: 530

C:\Program Files\Microchip\xc8\v2.46\pic\sources\c99\common\nf_fputc.c
		_fputc         		CODE           	4174	0000	202

C:\Program Files\Microchip\xc8\v2.46\pic\sources\c99\common\nf_fputc.c estimated size: 202

C:\Program Files\Microchip\xc8\v2.46\pic\sources\c99\common\xxtofl.c
		___xxtofl      		CODE           	3B80	0000	440

C:\Program Files\Microchip\xc8\v2.46\pic\sources\c99\common\xxtofl.c estimated size: 440

mcc_generated_files/pwm/src/pwm3_16bit.c
		_PWM3_16BIT_Period_SetInterruptHandler		CODE           	4BDA	0000	10
		_PWM3_16BIT_Slice1Output1_SetInterruptHandler		CODE           	4BD0	0000	10
		_PWM3_16BIT_Slice1Output2_SetInterruptHandler		CODE           	4BC6	0000	10
		_PWM3_16BIT_Initialize		CODE           	453A	0000	108
		_PWM3_16BIT_LoadBufferRegisters		CODE           	4C46	0000	4
		_PWM3_16BIT_SetSlice1Output1DutyCycleRegister		CODE           	4B94	0000	10
		_PWM3_16BIT_SetSlice1Output2DutyCycleRegister		CODE           	4B8A	0000	10

mcc_generated_files/pwm/src/pwm3_16bit.c estimated size: 162

C:\Program Files\Microchip\xc8\v2.46\pic\sources\c99\common\flneg.c
		___flneg       		CODE           	493A	0000	56

C:\Program Files\Microchip\xc8\v2.46\pic\sources\c99\common\flneg.c estimated size: 56

mcc_generated_files/system/src/interrupt.c
		_INT0_SetInterruptHandler		CODE           	4C34	0000	10
		_INT1_SetInterruptHandler		CODE           	4C2A	0000	10
		_INT2_SetInterruptHandler		CODE           	4C20	0000	10
		_INTERRUPT_Initialize		CODE           	49A6	0000	52

mcc_generated_files/system/src/interrupt.c estimated size: 82

C:\Program Files\Microchip\xc8\v2.46\pic\sources\c99\common\__fpclassifyf.c
		___fpclassifyf 		CODE           	4076	0000	254

C:\Program Files\Microchip\xc8\v2.46\pic\sources\c99\common\__fpclassifyf.c estimated size: 254

C:\Program Files\Microchip\xc8\v2.46\pic\sources\c99\common\sprcmul.c
		___flmul       		CODE           	2412	0000	1066

C:\Program Files\Microchip\xc8\v2.46\pic\sources\c99\common\sprcmul.c estimated size: 1066

mcc_generated_files/pwm/src/pwm1_16bit.c
		_PWM1_16BIT_Period_SetInterruptHandler		CODE           	4C16	0000	10
		_PWM1_16BIT_Slice1Output1_SetInterruptHandler		CODE           	4C0C	0000	10
		_PWM1_16BIT_Slice1Output2_SetInterruptHandler		CODE           	4C02	0000	10
		_PWM1_16BIT_Initialize		CODE           	4612	0000	108
		_PWM1_16BIT_LoadBufferRegisters		CODE           	4C4E	0000	4
		_PWM1_16BIT_SetSlice1Output1DutyCycleRegister		CODE           	4BBC	0000	10
		_PWM1_16BIT_SetSlice1Output2DutyCycleRegister		CODE           	4BB2	0000	10

mcc_generated_files/pwm/src/pwm1_16bit.c estimated size: 162

C:\Program Files\Microchip\xc8\v2.46\pic\sources\c99\common\strcpy.c
		_strcpy        		CODE           	48FE	0000	60

C:\Program Files\Microchip\xc8\v2.46\pic\sources\c99\common\strcpy.c estimated size: 60

C:\Program Files\Microchip\xc8\v2.46\pic\sources\c99\common\sprcdiv.c
		___fldiv       		CODE           	283C	0000	922

C:\Program Files\Microchip\xc8\v2.46\pic\sources\c99\common\sprcdiv.c estimated size: 922

mcc_generated_files/uart/src/uart1.c
		_UART1_IsTxReady		CODE           	4A0A	0000	42
		_UART1_Write   		CODE           	4C3E	0000	8
		_putch         		CODE           	4A7E	0000	30
		_UART1_FramingErrorCallbackRegister		CODE           	4AF2	0000	28
		_UART1_OverrunErrorCallbackRegister		CODE           	4AD6	0000	28
		_UART1_Initialize		CODE           	444E	0000	126
		_UART1_ParityErrorCallbackRegister		CODE           	4ABA	0000	28

mcc_generated_files/uart/src/uart1.c estimated size: 290

C:\Program Files\Microchip\xc8\v2.46\pic\sources\c99\common\fleq.c
		___fleq        		CODE           	4300	0000	170

C:\Program Files\Microchip\xc8\v2.46\pic\sources\c99\common\fleq.c estimated size: 170

C:\Program Files\Microchip\xc8\v2.46\pic\sources\c99\common\doprnt.c
		_read_prec_or_width		CODE           	423E	0000	194
		_vfpfcnvrt     		CODE           	3554	0000	536
		_efgtoa        		CODE           	155E	0000	2548
		_pad           		CODE           	44CC	0000	110
		_vfprintf      		CODE           	4788	0000	80

C:\Program Files\Microchip\xc8\v2.46\pic\sources\c99\common\doprnt.c estimated size: 3468

C:\Program Files\Microchip\xc8\v2.46\pic\sources\c99\common\nf_sprintf.c
		_sprintf       		CODE           	4828	0000	76

C:\Program Files\Microchip\xc8\v2.46\pic\sources\c99\common\nf_sprintf.c estimated size: 76

mcc_generated_files/system/src/pins.c
		_PIN_MANAGER_Initialize		CODE           	43AA	0000	164

mcc_generated_files/system/src/pins.c estimated size: 164

shared
		_tm1637ByteSetOn		SMALLCONST     	0000	0000	0
		__initialization		CODE           	467E	0000	88
		_UART1         		SMALLCONST     	1501	0000	48
		_tm1637ByteSetOff		SMALLCONST     	0000	0000	0
		_tm1637DisplayNumtoSeg		SMALLCONST     	1531	0000	10
		_tm1637ByteSetData		SMALLCONST     	0000	0000	0
		_tm1637ByteSetAddr		SMALLCONST     	0000	0000	0

shared estimated size: 146

C:\Program Files\Microchip\xc8\v2.46\pic\sources\c99\common\Umul16.c
		___wmul        		CODE           	4A34	0000	38

C:\Program Files\Microchip\xc8\v2.46\pic\sources\c99\common\Umul16.c estimated size: 38

C:\Program Files\Microchip\xc8\v2.46\pic\sources\c99\common\nf_fputs.c
		_fputs         		CODE           	48BA	0000	68

C:\Program Files\Microchip\xc8\v2.46\pic\sources\c99\common\nf_fputs.c estimated size: 68

C:\Program Files\Microchip\xc8\v2.46\pic\sources\c99\common\sprcadd.c
		___flsub       		CODE           	4874	0000	70
		___fladd       		CODE           	1F52	0000	1216

C:\Program Files\Microchip\xc8\v2.46\pic\sources\c99\common\sprcadd.c estimated size: 1286

C:\Program Files\Microchip\xc8\v2.46\pic\sources\c99\common\memcpy.c
		_memcpy        		CODE           	47D8	0000	80

C:\Program Files\Microchip\xc8\v2.46\pic\sources\c99\common\memcpy.c estimated size: 80

mcc_generated_files/system/src/clock.c
		_CLOCK_Initialize		CODE           	4B0E	0000	28

mcc_generated_files/system/src/clock.c estimated size: 28

C:\Program Files\Microchip\xc8\v2.46\pic\sources\c99\common\labs.c
		_labs          		CODE           	4732	0000	86

C:\Program Files\Microchip\xc8\v2.46\pic\sources\c99\common\labs.c estimated size: 86

C:\Program Files\Microchip\xc8\v2.46\pic\sources\c99\common\abs.c
		_abs           		CODE           	4972	0000	52

C:\Program Files\Microchip\xc8\v2.46\pic\sources\c99\common\abs.c estimated size: 52

main.c
		_main          		CODE           	2BD6	0000	708
		_goto_servo    		CODE           	46DC	0000	86
		_setServoAngle 		CODE           	3D38	0000	306
		_set0          		CODE           	3316	0000	574
		_closeGate     		CODE           	4B5A	0000	24
		_set1          		CODE           	30D8	0000	574
		_set2          		CODE           	2E9A	0000	574
		_set3          		CODE           	397E	0000	514
		_openGate      		CODE           	49DA	0000	48
		_openHand      		CODE           	4B2A	0000	24
		_closeHand     		CODE           	4B42	0000	24

main.c estimated size: 3456

mcc_generated_files/pwm/src/pwm2_16bit.c
		_PWM2_16BIT_Period_SetInterruptHandler		CODE           	4BF8	0000	10
		_PWM2_16BIT_Slice1Output1_SetInterruptHandler		CODE           	4BEE	0000	10
		_PWM2_16BIT_Slice1Output2_SetInterruptHandler		CODE           	4BE4	0000	10
		_PWM2_16BIT_Initialize		CODE           	45A6	0000	108
		_PWM2_16BIT_LoadBufferRegisters		CODE           	4C4A	0000	4
		_PWM2_16BIT_SetSlice1Output1DutyCycleRegister		CODE           	4BA8	0000	10
		_PWM2_16BIT_SetSlice1Output2DutyCycleRegister		CODE           	4B9E	0000	10

mcc_generated_files/pwm/src/pwm2_16bit.c estimated size: 162

mcc_generated_files/system/src/system.c
		_SYSTEM_Initialize		CODE           	4A9C	0000	30

mcc_generated_files/system/src/system.c estimated size: 30

C:\Program Files\Microchip\xc8\v2.46\pic\sources\c99\common\flge.c
		___flge        		CODE           	3E6A	0000	262

C:\Program Files\Microchip\xc8\v2.46\pic\sources\c99\common\flge.c estimated size: 262

